Component: Arm Compiler for Embedded 6.24 Tool: armlink [5f371500]

==============================================================================

Image Symbol Table

    Local Symbols

    Symbol Name                              Value     Ov Type        Size  Object(Section)

    ../clib/division.s                       0x00000000   Number         0  aeabi_sdiv.o ABSOLUTE
    ../clib/microlib/division.c              0x00000000   Number         0  uidiv.o ABSOLUTE
    ../clib/microlib/division.c              0x00000000   Number         0  uldiv.o ABSOLUTE
    ../clib/microlib/init/entry.s            0x00000000   Number         0  entry.o ABSOLUTE
    ../clib/microlib/init/entry.s            0x00000000   Number         0  entry4.o ABSOLUTE
    ../clib/microlib/init/entry.s            0x00000000   Number         0  entry5.o ABSOLUTE
    ../clib/microlib/init/entry.s            0x00000000   Number         0  entry7a.o ABSOLUTE
    ../clib/microlib/init/entry.s            0x00000000   Number         0  entry7b.o ABSOLUTE
    ../clib/microlib/init/entry.s            0x00000000   Number         0  entry8a.o ABSOLUTE
    ../clib/microlib/init/entry.s            0x00000000   Number         0  entry8b.o ABSOLUTE
    ../clib/microlib/init/entry.s            0x00000000   Number         0  entry9a.o ABSOLUTE
    ../clib/microlib/init/entry.s            0x00000000   Number         0  entry9b.o ABSOLUTE
    ../clib/microlib/init/entry.s            0x00000000   Number         0  entry10a.o ABSOLUTE
    ../clib/microlib/init/entry.s            0x00000000   Number         0  entry10b.o ABSOLUTE
    ../clib/microlib/init/entry.s            0x00000000   Number         0  entry11a.o ABSOLUTE
    ../clib/microlib/init/entry.s            0x00000000   Number         0  entry11b.o ABSOLUTE
    ../clib/microlib/longlong.c              0x00000000   Number         0  llshl.o ABSOLUTE
    ../clib/microlib/longlong.c              0x00000000   Number         0  llushr.o ABSOLUTE
    ../clib/microlib/longlong.c              0x00000000   Number         0  llsshr.o ABSOLUTE
    ../clib/microlib/printf/printf.c         0x00000000   Number         0  printfb.o ABSOLUTE
    ../clib/microlib/printf/printf.c         0x00000000   Number         0  printf0.o ABSOLUTE
    ../clib/microlib/printf/printf.c         0x00000000   Number         0  printf1.o ABSOLUTE
    ../clib/microlib/printf/printf.c         0x00000000   Number         0  printf2.o ABSOLUTE
    ../clib/microlib/printf/printf.c         0x00000000   Number         0  printf3.o ABSOLUTE
    ../clib/microlib/printf/printf.c         0x00000000   Number         0  printf4.o ABSOLUTE
    ../clib/microlib/printf/printf.c         0x00000000   Number         0  printf5.o ABSOLUTE
    ../clib/microlib/printf/printf.c         0x00000000   Number         0  printf6.o ABSOLUTE
    ../clib/microlib/printf/printf.c         0x00000000   Number         0  printf7.o ABSOLUTE
    ../clib/microlib/printf/printf.c         0x00000000   Number         0  printf8.o ABSOLUTE
    ../clib/microlib/printf/printf.c         0x00000000   Number         0  printfa.o ABSOLUTE
    ../clib/microlib/printf/stubs.s          0x00000000   Number         0  printfstubs.o ABSOLUTE
    ../clib/microlib/stdio/fputs.c           0x00000000   Number         0  fputs.o ABSOLUTE
    ../clib/microlib/stdio/fputs.c           0x00000000   Number         0  fputs_e.o ABSOLUTE
    ../clib/microlib/stdio/fwrite.c          0x00000000   Number         0  fwrite.o ABSOLUTE
    ../clib/microlib/stdio/fwrite.c          0x00000000   Number         0  fwrite_e.o ABSOLUTE
    ../clib/microlib/stdio/puts.c            0x00000000   Number         0  puts.o ABSOLUTE
    ../clib/microlib/stdio/puts.c            0x00000000   Number         0  puts_e.o ABSOLUTE
    ../clib/microlib/stdio/streams.c         0x00000000   Number         0  stderr.o ABSOLUTE
    ../clib/microlib/stubs.s                 0x00000000   Number         0  iusefp.o ABSOLUTE
    ../fplib/microlib/fpadd.c                0x00000000   Number         0  dadd.o ABSOLUTE
    ../fplib/microlib/fpdiv.c                0x00000000   Number         0  ddiv.o ABSOLUTE
    ../fplib/microlib/fpepilogue.c           0x00000000   Number         0  depilogue.o ABSOLUTE
    ../fplib/microlib/fpfix.c                0x00000000   Number         0  dfixul.o ABSOLUTE
    ../fplib/microlib/fpmul.c                0x00000000   Number         0  dmul.o ABSOLUTE
    cdrcmple.s                               0x00000000   Number         0  cdrcmple.o ABSOLUTE
    clk.c                                    0x00000000   Number         0  clk.o ABSOLUTE
    dc.s                                     0x00000000   Number         0  dc.o ABSOLUTE
    handlers.s                               0x00000000   Number         0  handlers.o ABSOLUTE
    init.s                                   0x00000000   Number         0  init.o ABSOLUTE
    main.c                                   0x00000000   Number         0  main.o ABSOLUTE
    retarget.c                               0x00000000   Number         0  retarget.o ABSOLUTE
    sys.c                                    0x00000000   Number         0  sys.o ABSOLUTE
    system_M480.c                            0x00000000   Number         0  system_M480.o ABSOLUTE
    uart.c                                   0x00000000   Number         0  uart.o ABSOLUTE
    Heap_Size                                0x00000100   Number         0  startup_M480_vsac6.o ABSOLUTE
    .ARM.Collect$$$$00000000                 0x000001f4   Section        0  entry.o(.ARM.Collect$$$$00000000)
    .ARM.Collect$$$$00000003                 0x000001f4   Section        4  entry4.o(.ARM.Collect$$$$00000003)
    .ARM.Collect$$$$00000004                 0x000001f8   Section        4  entry5.o(.ARM.Collect$$$$00000004)
    .ARM.Collect$$$$00000008                 0x000001fc   Section        0  entry7b.o(.ARM.Collect$$$$00000008)
    .ARM.Collect$$$$0000000A                 0x000001fc   Section        0  entry8b.o(.ARM.Collect$$$$0000000A)
    .ARM.Collect$$$$0000000B                 0x000001fc   Section        8  entry9a.o(.ARM.Collect$$$$0000000B)
    __lit__00000000                          0x00000204   Data           4  entry4.o(.ARM.Collect$$$$00002714)
    .ARM.Collect$$$$0000000D                 0x00000204   Section        0  entry10a.o(.ARM.Collect$$$$0000000D)
    .ARM.Collect$$$$0000000F                 0x00000204   Section        0  entry11a.o(.ARM.Collect$$$$0000000F)
    .ARM.Collect$$$$00002714                 0x00000204   Section        4  entry4.o(.ARM.Collect$$$$00002714)
    .text                                    0x00000298   Section        0  uldiv.o(.text)
    .text                                    0x000002fc   Section       48  init.o(.text)
    .text                                    0x0000032c   Section        0  llshl.o(.text)
    .text                                    0x0000034a   Section        0  llushr.o(.text)
    [Anonymous Symbol]                       0x0000036c   Section        0  clk.o(.text.CLK_EnableModuleClock)
    [Anonymous Symbol]                       0x00000390   Section        0  clk.o(.text.CLK_EnablePLL)
    [Anonymous Symbol]                       0x00000608   Section        0  clk.o(.text.CLK_EnableXtalRC)
    [Anonymous Symbol]                       0x00000618   Section        0  clk.o(.text.CLK_GetPLLClockFreq)
    [Anonymous Symbol]                       0x00000670   Section        0  clk.o(.text.CLK_SetCoreClock)
    [Anonymous Symbol]                       0x00000764   Section        0  clk.o(.text.CLK_SetModuleClock)
    Stack_Size                               0x00000800   Number         0  startup_M480_vsac6.o ABSOLUTE
    [Anonymous Symbol]                       0x00000804   Section        0  clk.o(.text.CLK_WaitClockReady)
    [Anonymous Symbol]                       0x0000084c   Section        0  retarget.o(.text.ProcessHardFault)
    [Anonymous Symbol]                       0x000009f0   Section        0  retarget.o(.text.SH_Return)
    [Anonymous Symbol]                       0x000009f4   Section        0  main.o(.text.SYS_Init)
    [Anonymous Symbol]                       0x00000a78   Section        0  system_M480.o(.text.SystemCoreClockUpdate)
    [Anonymous Symbol]                       0x00000ae0   Section        0  system_M480.o(.text.SystemInit)
    [Anonymous Symbol]                       0x00000b50   Section        0  uart.o(.text.UART_Open)
    [Anonymous Symbol]                       0x00000cb8   Section        0  retarget.o(.text.fputc)
    [Anonymous Symbol]                       0x00000cdc   Section        0  main.o(.text.main)
    i.__0printf$8                            0x00000d1c   Section        0  printf8.o(i.__0printf$8)
    i.__scatterload_copy                     0x00000d3c   Section       14  handlers.o(i.__scatterload_copy)
    i.__scatterload_null                     0x00000d4a   Section        2  handlers.o(i.__scatterload_null)
    i.__scatterload_zeroinit                 0x00000d4c   Section       14  handlers.o(i.__scatterload_zeroinit)
    _printf_core                             0x00000d5d   Thumb Code   996  printf8.o(i._printf_core)
    i._printf_core                           0x00000d5c   Section        0  printf8.o(i._printf_core)
    _printf_post_padding                     0x0000116d   Thumb Code    36  printf8.o(i._printf_post_padding)
    i._printf_post_padding                   0x0000116c   Section        0  printf8.o(i._printf_post_padding)
    _printf_pre_padding                      0x00001191   Thumb Code    46  printf8.o(i._printf_pre_padding)
    i._printf_pre_padding                    0x00001190   Section        0  printf8.o(i._printf_pre_padding)
    i.puts                                   0x000011c0   Section        0  puts.o(i.puts)
    .L__const.CLK_GetPLLClockFreq.au8NoTbl   0x000011e4   Data           4  clk.o(.rodata.cst4)
    .L.str.8                                 0x000011e8   Data          32  retarget.o(.rodata.str1.1)
    [Anonymous Symbol]                       0x000011e8   Section        0  retarget.o(.rodata.str1.1)
    .L.str.11                                0x00001208   Data          29  retarget.o(.rodata.str1.1)
    .L.str.7                                 0x00001225   Data          27  retarget.o(.rodata.str1.1)
    .L.str.9                                 0x00001240   Data           4  retarget.o(.rodata.str1.1)
    .L.str.10                                0x00001244   Data           4  retarget.o(.rodata.str1.1)
    .Lstr.16                                 0x00001248   Data          35  retarget.o(.rodata.str1.1)
    Stack_Mem                                0x20000030   Number         0  startup_M480_vsac6.o(.bss.STACK)

    Global Symbols

    Symbol Name                              Value     Ov Type        Size  Object(Section)

    BuildAttributes$$THM_ISAv4$E$P$D$K$B$S$7EM$VFPi3$EXTD16$VFPS$VFMA$PE$A:L22UL41UL21$X:L11$S22US41US21$IEEE1$IW$USESV6$~STKCKD$USESV7$~SHL$OTIME$ROPI$EBA8$MICROLIB$REQ8$PRES8$EABIv2 0x00000000   Number         0  anon$$obj.o ABSOLUTE
    __Vectors                                0x00000000   Number         0  startup_M480_vsac6.o(RESET)
    _printf_a                                0x00000000   Number         0  printfstubs.o ABSOLUTE
    _printf_c                                0x00000000   Number         0  printfstubs.o ABSOLUTE
    _printf_charcount                        0x00000000   Number         0  printfstubs.o ABSOLUTE
    _printf_d                                0x00000000   Number         0  printfstubs.o ABSOLUTE
    _printf_e                                0x00000000   Number         0  printfstubs.o ABSOLUTE
    _printf_f                                0x00000000   Number         0  printfstubs.o ABSOLUTE
    _printf_flags                            0x00000000   Number         0  printfstubs.o ABSOLUTE
    _printf_fp_dec                           0x00000000   Number         0  printfstubs.o ABSOLUTE
    _printf_fp_hex                           0x00000000   Number         0  printfstubs.o ABSOLUTE
    _printf_g                                0x00000000   Number         0  printfstubs.o ABSOLUTE
    _printf_i                                0x00000000   Number         0  printfstubs.o ABSOLUTE
    _printf_int_dec                          0x00000000   Number         0  printfstubs.o ABSOLUTE
    _printf_l                                0x00000000   Number         0  printfstubs.o ABSOLUTE
    _printf_lc                               0x00000000   Number         0  printfstubs.o ABSOLUTE
    _printf_ll                               0x00000000   Number         0  printfstubs.o ABSOLUTE
    _printf_lld                              0x00000000   Number         0  printfstubs.o ABSOLUTE
    _printf_lli                              0x00000000   Number         0  printfstubs.o ABSOLUTE
    _printf_llo                              0x00000000   Number         0  printfstubs.o ABSOLUTE
    _printf_llu                              0x00000000   Number         0  printfstubs.o ABSOLUTE
    _printf_llx                              0x00000000   Number         0  printfstubs.o ABSOLUTE
    _printf_longlong_dec                     0x00000000   Number         0  printfstubs.o ABSOLUTE
    _printf_longlong_hex                     0x00000000   Number         0  printfstubs.o ABSOLUTE
    _printf_longlong_oct                     0x00000000   Number         0  printfstubs.o ABSOLUTE
    _printf_ls                               0x00000000   Number         0  printfstubs.o ABSOLUTE
    _printf_mbtowc                           0x00000000   Number         0  printfstubs.o ABSOLUTE
    _printf_n                                0x00000000   Number         0  printfstubs.o ABSOLUTE
    _printf_o                                0x00000000   Number         0  printfstubs.o ABSOLUTE
    _printf_p                                0x00000000   Number         0  printfstubs.o ABSOLUTE
    _printf_percent                          0x00000000   Number         0  printfstubs.o ABSOLUTE
    _printf_pre_padding                      0x00000000   Number         0  printfstubs.o ABSOLUTE
    _printf_return_value                     0x00000000   Number         0  printfstubs.o ABSOLUTE
    _printf_s                                0x00000000   Number         0  printfstubs.o ABSOLUTE
    _printf_sizespec                         0x00000000   Number         0  printfstubs.o ABSOLUTE
    _printf_str                              0x00000000   Number         0  printfstubs.o ABSOLUTE
    _printf_truncate_signed                  0x00000000   Number         0  printfstubs.o ABSOLUTE
    _printf_truncate_unsigned                0x00000000   Number         0  printfstubs.o ABSOLUTE
    _printf_u                                0x00000000   Number         0  printfstubs.o ABSOLUTE
    _printf_wc                               0x00000000   Number         0  printfstubs.o ABSOLUTE
    _printf_wctomb                           0x00000000   Number         0  printfstubs.o ABSOLUTE
    _printf_widthprec                        0x00000000   Number         0  printfstubs.o ABSOLUTE
    _printf_x                                0x00000000   Number         0  printfstubs.o ABSOLUTE
    __cpp_initialize__aeabi_                  - Undefined Weak Reference
    __cxa_finalize                            - Undefined Weak Reference
    __decompress                              - Undefined Weak Reference
    _clock_init                               - Undefined Weak Reference
    _microlib_exit                            - Undefined Weak Reference
    function                                  - Undefined Weak Reference
    __Vectors_End                            0x000001f4   Number         0  startup_M480_vsac6.o(RESET)
    __Vectors_Size                           0x000001f4   Number         0  startup_M480_vsac6.o ABSOLUTE
    __main                                   0x000001f5   Thumb Code     0  entry.o(.ARM.Collect$$$$00000000)
    _main_stk                                0x000001f5   Thumb Code     0  entry4.o(.ARM.Collect$$$$00000003)
    _main_scatterload                        0x000001f9   Thumb Code     0  entry5.o(.ARM.Collect$$$$00000004)
    __main_after_scatterload                 0x000001fd   Thumb Code     0  entry5.o(.ARM.Collect$$$$00000004)
    _main_clock                              0x000001fd   Thumb Code     0  entry7b.o(.ARM.Collect$$$$00000008)
    _main_cpp_init                           0x000001fd   Thumb Code     0  entry8b.o(.ARM.Collect$$$$0000000A)
    _main_init                               0x000001fd   Thumb Code     0  entry9a.o(.ARM.Collect$$$$0000000B)
    __rt_final_cpp                           0x00000205   Thumb Code     0  entry10a.o(.ARM.Collect$$$$0000000D)
    __rt_final_exit                          0x00000205   Thumb Code     0  entry11a.o(.ARM.Collect$$$$0000000F)
    Reset_Handler                            0x00000209   Thumb Code     0  startup_M480_vsac6.o(.text)
    NMI_Handler                              0x00000249   Thumb Code     0  startup_M480_vsac6.o(.text)
    HardFault_Handler                        0x0000024b   Thumb Code     0  startup_M480_vsac6.o(.text)
    MemManage_Handler                        0x0000025a   Number         0  startup_M480_vsac6.o(.text)
    BusFault_Handler                         0x0000025c   Number         0  startup_M480_vsac6.o(.text)
    UsageFault_Handler                       0x0000025e   Number         0  startup_M480_vsac6.o(.text)
    SVC_Handler                              0x00000260   Number         0  startup_M480_vsac6.o(.text)
    DebugMon_Handler                         0x00000262   Number         0  startup_M480_vsac6.o(.text)
    PendSV_Handler                           0x00000264   Number         0  startup_M480_vsac6.o(.text)
    SysTick_Handler                          0x00000266   Number         0  startup_M480_vsac6.o(.text)
    ACMP01_IRQHandler                        0x00000268   Number         0  startup_M480_vsac6.o(.text)
    BOD_IRQHandler                           0x00000268   Number         0  startup_M480_vsac6.o(.text)
    BPWM0_IRQHandler                         0x00000268   Number         0  startup_M480_vsac6.o(.text)
    BPWM1_IRQHandler                         0x00000268   Number         0  startup_M480_vsac6.o(.text)
    BRAKE0_IRQHandler                        0x00000268   Number         0  startup_M480_vsac6.o(.text)
    BRAKE1_IRQHandler                        0x00000268   Number         0  startup_M480_vsac6.o(.text)
    CAN0_IRQHandler                          0x00000268   Number         0  startup_M480_vsac6.o(.text)
    CAN1_IRQHandler                          0x00000268   Number         0  startup_M480_vsac6.o(.text)
    CAN2_IRQHandler                          0x00000268   Number         0  startup_M480_vsac6.o(.text)
    CCAP_IRQHandler                          0x00000268   Number         0  startup_M480_vsac6.o(.text)
    CKFAIL_IRQHandler                        0x00000268   Number         0  startup_M480_vsac6.o(.text)
    CRYPTO_IRQHandler                        0x00000268   Number         0  startup_M480_vsac6.o(.text)
    DAC_IRQHandler                           0x00000268   Number         0  startup_M480_vsac6.o(.text)
    Default_Handler                          0x00000268   Number         0  startup_M480_vsac6.o(.text)
    EADC00_IRQHandler                        0x00000268   Number         0  startup_M480_vsac6.o(.text)
    EADC01_IRQHandler                        0x00000268   Number         0  startup_M480_vsac6.o(.text)
    EADC02_IRQHandler                        0x00000268   Number         0  startup_M480_vsac6.o(.text)
    EADC03_IRQHandler                        0x00000268   Number         0  startup_M480_vsac6.o(.text)
    EADC10_IRQHandler                        0x00000268   Number         0  startup_M480_vsac6.o(.text)
    EADC11_IRQHandler                        0x00000268   Number         0  startup_M480_vsac6.o(.text)
    EADC12_IRQHandler                        0x00000268   Number         0  startup_M480_vsac6.o(.text)
    EADC13_IRQHandler                        0x00000268   Number         0  startup_M480_vsac6.o(.text)
    ECAP0_IRQHandler                         0x00000268   Number         0  startup_M480_vsac6.o(.text)
    ECAP1_IRQHandler                         0x00000268   Number         0  startup_M480_vsac6.o(.text)
    EHCI_IRQHandler                          0x00000268   Number         0  startup_M480_vsac6.o(.text)
    EINT0_IRQHandler                         0x00000268   Number         0  startup_M480_vsac6.o(.text)
    EINT1_IRQHandler                         0x00000268   Number         0  startup_M480_vsac6.o(.text)
    EINT2_IRQHandler                         0x00000268   Number         0  startup_M480_vsac6.o(.text)
    EINT3_IRQHandler                         0x00000268   Number         0  startup_M480_vsac6.o(.text)
    EINT4_IRQHandler                         0x00000268   Number         0  startup_M480_vsac6.o(.text)
    EINT5_IRQHandler                         0x00000268   Number         0  startup_M480_vsac6.o(.text)
    EINT6_IRQHandler                         0x00000268   Number         0  startup_M480_vsac6.o(.text)
    EINT7_IRQHandler                         0x00000268   Number         0  startup_M480_vsac6.o(.text)
    EMAC_RX_IRQHandler                       0x00000268   Number         0  startup_M480_vsac6.o(.text)
    EMAC_TX_IRQHandler                       0x00000268   Number         0  startup_M480_vsac6.o(.text)
    EPWM0P0_IRQHandler                       0x00000268   Number         0  startup_M480_vsac6.o(.text)
    EPWM0P1_IRQHandler                       0x00000268   Number         0  startup_M480_vsac6.o(.text)
    EPWM0P2_IRQHandler                       0x00000268   Number         0  startup_M480_vsac6.o(.text)
    EPWM1P0_IRQHandler                       0x00000268   Number         0  startup_M480_vsac6.o(.text)
    EPWM1P1_IRQHandler                       0x00000268   Number         0  startup_M480_vsac6.o(.text)
    EPWM1P2_IRQHandler                       0x00000268   Number         0  startup_M480_vsac6.o(.text)
    GPA_IRQHandler                           0x00000268   Number         0  startup_M480_vsac6.o(.text)
    GPB_IRQHandler                           0x00000268   Number         0  startup_M480_vsac6.o(.text)
    GPC_IRQHandler                           0x00000268   Number         0  startup_M480_vsac6.o(.text)
    GPD_IRQHandler                           0x00000268   Number         0  startup_M480_vsac6.o(.text)
    GPE_IRQHandler                           0x00000268   Number         0  startup_M480_vsac6.o(.text)
    GPF_IRQHandler                           0x00000268   Number         0  startup_M480_vsac6.o(.text)
    GPG_IRQHandler                           0x00000268   Number         0  startup_M480_vsac6.o(.text)
    GPH_IRQHandler                           0x00000268   Number         0  startup_M480_vsac6.o(.text)
    I2C0_IRQHandler                          0x00000268   Number         0  startup_M480_vsac6.o(.text)
    I2C1_IRQHandler                          0x00000268   Number         0  startup_M480_vsac6.o(.text)
    I2C2_IRQHandler                          0x00000268   Number         0  startup_M480_vsac6.o(.text)
    I2S0_IRQHandler                          0x00000268   Number         0  startup_M480_vsac6.o(.text)
    IRC_IRQHandler                           0x00000268   Number         0  startup_M480_vsac6.o(.text)
    OHCI_IRQHandler                          0x00000268   Number         0  startup_M480_vsac6.o(.text)
    OPA0_IRQHandler                          0x00000268   Number         0  startup_M480_vsac6.o(.text)
    PDMA_IRQHandler                          0x00000268   Number         0  startup_M480_vsac6.o(.text)
    PWRWU_IRQHandler                         0x00000268   Number         0  startup_M480_vsac6.o(.text)
    QEI0_IRQHandler                          0x00000268   Number         0  startup_M480_vsac6.o(.text)
    QEI1_IRQHandler                          0x00000268   Number         0  startup_M480_vsac6.o(.text)
    QSPI0_IRQHandler                         0x00000268   Number         0  startup_M480_vsac6.o(.text)
    QSPI1_IRQHandler                         0x00000268   Number         0  startup_M480_vsac6.o(.text)
    RAMPE_IRQHandler                         0x00000268   Number         0  startup_M480_vsac6.o(.text)
    RTC_IRQHandler                           0x00000268   Number         0  startup_M480_vsac6.o(.text)
    SC0_IRQHandler                           0x00000268   Number         0  startup_M480_vsac6.o(.text)
    SC1_IRQHandler                           0x00000268   Number         0  startup_M480_vsac6.o(.text)
    SC2_IRQHandler                           0x00000268   Number         0  startup_M480_vsac6.o(.text)
    SDH0_IRQHandler                          0x00000268   Number         0  startup_M480_vsac6.o(.text)
    SDH1_IRQHandler                          0x00000268   Number         0  startup_M480_vsac6.o(.text)
    SPI0_IRQHandler                          0x00000268   Number         0  startup_M480_vsac6.o(.text)
    SPI1_IRQHandler                          0x00000268   Number         0  startup_M480_vsac6.o(.text)
    SPI2_IRQHandler                          0x00000268   Number         0  startup_M480_vsac6.o(.text)
    SPI3_IRQHandler                          0x00000268   Number         0  startup_M480_vsac6.o(.text)
    SPIM_IRQHandler                          0x00000268   Number         0  startup_M480_vsac6.o(.text)
    TAMPER_IRQHandler                        0x00000268   Number         0  startup_M480_vsac6.o(.text)
    TMR0_IRQHandler                          0x00000268   Number         0  startup_M480_vsac6.o(.text)
    TMR1_IRQHandler                          0x00000268   Number         0  startup_M480_vsac6.o(.text)
    TMR2_IRQHandler                          0x00000268   Number         0  startup_M480_vsac6.o(.text)
    TMR3_IRQHandler                          0x00000268   Number         0  startup_M480_vsac6.o(.text)
    TRNG_IRQHandler                          0x00000268   Number         0  startup_M480_vsac6.o(.text)
    UART0_IRQHandler                         0x00000268   Number         0  startup_M480_vsac6.o(.text)
    UART1_IRQHandler                         0x00000268   Number         0  startup_M480_vsac6.o(.text)
    UART2_IRQHandler                         0x00000268   Number         0  startup_M480_vsac6.o(.text)
    UART3_IRQHandler                         0x00000268   Number         0  startup_M480_vsac6.o(.text)
    UART4_IRQHandler                         0x00000268   Number         0  startup_M480_vsac6.o(.text)
    UART5_IRQHandler                         0x00000268   Number         0  startup_M480_vsac6.o(.text)
    UART6_IRQHandler                         0x00000268   Number         0  startup_M480_vsac6.o(.text)
    UART7_IRQHandler                         0x00000268   Number         0  startup_M480_vsac6.o(.text)
    USBD20_IRQHandler                        0x00000268   Number         0  startup_M480_vsac6.o(.text)
    USBD_IRQHandler                          0x00000268   Number         0  startup_M480_vsac6.o(.text)
    USBOTG20_IRQHandler                      0x00000268   Number         0  startup_M480_vsac6.o(.text)
    USBOTG_IRQHandler                        0x00000268   Number         0  startup_M480_vsac6.o(.text)
    USCI0_IRQHandler                         0x00000268   Number         0  startup_M480_vsac6.o(.text)
    USCI1_IRQHandler                         0x00000268   Number         0  startup_M480_vsac6.o(.text)
    WDT_IRQHandler                           0x00000268   Number         0  startup_M480_vsac6.o(.text)
    WWDT_IRQHandler                          0x00000268   Number         0  startup_M480_vsac6.o(.text)
    SH_DoCommand                             0x0000026d   Thumb Code     0  startup_M480_vsac6.o(.text)
    __PC                                     0x00000279   Thumb Code     0  startup_M480_vsac6.o(.text)
    __aeabi_uldivmod                         0x00000299   Thumb Code    98  uldiv.o(.text)
    __scatterload                            0x000002fd   Thumb Code    38  init.o(.text)
    __scatterload_rt2                        0x000002fd   Thumb Code     0  init.o(.text)
    __aeabi_llsl                             0x0000032d   Thumb Code    30  llshl.o(.text)
    _ll_shift_l                              0x0000032d   Thumb Code     0  llshl.o(.text)
    __aeabi_llsr                             0x0000034b   Thumb Code    32  llushr.o(.text)
    _ll_ushift_r                             0x0000034b   Thumb Code     0  llushr.o(.text)
    CLK_EnableModuleClock                    0x0000036d   Thumb Code    34  clk.o(.text.CLK_EnableModuleClock)
    CLK_EnablePLL                            0x00000391   Thumb Code   630  clk.o(.text.CLK_EnablePLL)
    CLK_EnableXtalRC                         0x00000609   Thumb Code    16  clk.o(.text.CLK_EnableXtalRC)
    CLK_GetPLLClockFreq                      0x00000619   Thumb Code    86  clk.o(.text.CLK_GetPLLClockFreq)
    CLK_SetCoreClock                         0x00000671   Thumb Code   242  clk.o(.text.CLK_SetCoreClock)
    CLK_SetModuleClock                       0x00000765   Thumb Code   158  clk.o(.text.CLK_SetModuleClock)
    CLK_WaitClockReady                       0x00000805   Thumb Code    70  clk.o(.text.CLK_WaitClockReady)
    ProcessHardFault                         0x0000084d   Thumb Code   272  retarget.o(.text.ProcessHardFault)
    SH_Return                                0x000009f1   Thumb Code     4  retarget.o(.text.SH_Return)
    SYS_Init                                 0x000009f5   Thumb Code   132  main.o(.text.SYS_Init)
    SystemCoreClockUpdate                    0x00000a79   Thumb Code   104  system_M480.o(.text.SystemCoreClockUpdate)
    SystemInit                               0x00000ae1   Thumb Code   112  system_M480.o(.text.SystemInit)
    UART_Open                                0x00000b51   Thumb Code   360  uart.o(.text.UART_Open)
    fputc                                    0x00000cb9   Thumb Code    34  retarget.o(.text.fputc)
    main                                     0x00000cdd   Thumb Code    32  main.o(.text.main)
    __0printf$8                              0x00000d1d   Thumb Code    22  printf8.o(i.__0printf$8)
    __1printf$8                              0x00000d1d   Thumb Code     0  printf8.o(i.__0printf$8)
    __2printf                                0x00000d1d   Thumb Code     0  printf8.o(i.__0printf$8)
    __scatterload_copy                       0x00000d3d   Thumb Code    14  handlers.o(i.__scatterload_copy)
    __scatterload_null                       0x00000d4b   Thumb Code     2  handlers.o(i.__scatterload_null)
    __scatterload_zeroinit                   0x00000d4d   Thumb Code    14  handlers.o(i.__scatterload_zeroinit)
    puts                                     0x000011c1   Thumb Code    30  puts.o(i.puts)
    Region$$Table$$Base                      0x0000126c   Number         0  anon$$obj.o(Region$$Table)
    Region$$Table$$Limit                     0x0000128c   Number         0  anon$$obj.o(Region$$Table)
    CyclesPerUs                              0x20000000   Data           4  system_M480.o(.data.CyclesPerUs)
    PllClock                                 0x20000004   Data           4  system_M480.o(.data.PllClock)
    SystemCoreClock                          0x20000008   Data           4  system_M480.o(.data.SystemCoreClock)
    gau32ClkSrcTbl                           0x2000000c   Data          32  system_M480.o(.data.gau32ClkSrcTbl)
    __initial_sp                             0x20000830   Number         0  startup_M480_vsac6.o(.bss.STACK)
    __stdout                                 0x20000830   Data          84  retarget.o(.bss.__stdout)
    g_CLK_i32ErrCode                         0x20000884   Data           4  clk.o(.bss.g_CLK_i32ErrCode)
    Image$$ARM_LIB_STACK$$ZI$$Limit          0x20028000   Number         0  anon$$obj.o ABSOLUTE



==============================================================================

Memory Map of the image

  Image Entry point : 0x00000209

  Load Region LR_ROM0 (Base: 0x00000000, Size: 0x000012c0, Max: 0x00080000, ABSOLUTE)

    Execution Region ER_ROM0 (Exec base: 0x00000000, Load base: 0x00000000, Size: 0x0000128c, Max: 0x00080000, ABSOLUTE)

    Exec Addr    Load Addr    Size         Type   Attr      Idx    E Section Name        Object

    0x00000000   0x00000000   0x000001f4   Code   RO            6    RESET               startup_M480_vsac6.o
    0x000001f4   0x000001f4   0x00000000   Code   RO          211  * .ARM.Collect$$$$00000000  mc_w.l(entry.o)
    0x000001f4   0x000001f4   0x00000004   Code   RO          488    .ARM.Collect$$$$00000003  mc_w.l(entry4.o)
    0x000001f8   0x000001f8   0x00000004   Code   RO          491    .ARM.Collect$$$$00000004  mc_w.l(entry5.o)
    0x000001fc   0x000001fc   0x00000000   Code   RO          493    .ARM.Collect$$$$00000008  mc_w.l(entry7b.o)
    0x000001fc   0x000001fc   0x00000000   Code   RO          495    .ARM.Collect$$$$0000000A  mc_w.l(entry8b.o)
    0x000001fc   0x000001fc   0x00000008   Code   RO          496    .ARM.Collect$$$$0000000B  mc_w.l(entry9a.o)
    0x00000204   0x00000204   0x00000000   Code   RO          498    .ARM.Collect$$$$0000000D  mc_w.l(entry10a.o)
    0x00000204   0x00000204   0x00000000   Code   RO          500    .ARM.Collect$$$$0000000F  mc_w.l(entry11a.o)
    0x00000204   0x00000204   0x00000004   Code   RO          489    .ARM.Collect$$$$00002714  mc_w.l(entry4.o)
    0x00000208   0x00000208   0x00000090   Code   RO            3  * .text               startup_M480_vsac6.o
    0x00000298   0x00000298   0x00000062   Code   RO          513    .text               mc_w.l(uldiv.o)
    0x000002fa   0x000002fa   0x00000002   PAD
    0x000002fc   0x000002fc   0x00000030   Code   RO          526    .text               mc_w.l(init.o)
    0x0000032c   0x0000032c   0x0000001e   Code   RO          528    .text               mc_w.l(llshl.o)
    0x0000034a   0x0000034a   0x00000020   Code   RO          530    .text               mc_w.l(llushr.o)
    0x0000036a   0x0000036a   0x00000002   PAD
    0x0000036c   0x0000036c   0x00000022   Code   RO          136    .text.CLK_EnableModuleClock  clk.o
    0x0000038e   0x0000038e   0x00000002   PAD
    0x00000390   0x00000390   0x00000276   Code   RO          160    .text.CLK_EnablePLL  clk.o
    0x00000606   0x00000606   0x00000002   PAD
    0x00000608   0x00000608   0x00000010   Code   RO          166    .text.CLK_EnableXtalRC  clk.o
    0x00000618   0x00000618   0x00000056   Code   RO          172    .text.CLK_GetPLLClockFreq  clk.o
    0x0000066e   0x0000066e   0x00000002   PAD
    0x00000670   0x00000670   0x000000f2   Code   RO          156    .text.CLK_SetCoreClock  clk.o
    0x00000762   0x00000762   0x00000002   PAD
    0x00000764   0x00000764   0x0000009e   Code   RO          138    .text.CLK_SetModuleClock  clk.o
    0x00000802   0x00000802   0x00000002   PAD
    0x00000804   0x00000804   0x00000046   Code   RO          158    .text.CLK_WaitClockReady  clk.o
    0x0000084a   0x0000084a   0x00000002   PAD
    0x0000084c   0x0000084c   0x000001a4   Code   RO           28    .text.ProcessHardFault  retarget.o
    0x000009f0   0x000009f0   0x00000004   Code   RO           30    .text.SH_Return     retarget.o
    0x000009f4   0x000009f4   0x00000084   Code   RO          200    .text.SYS_Init      main.o
    0x00000a78   0x00000a78   0x00000068   Code   RO            8    .text.SystemCoreClockUpdate  system_M480.o
    0x00000ae0   0x00000ae0   0x00000070   Code   RO           10    .text.SystemInit    system_M480.o
    0x00000b50   0x00000b50   0x00000168   Code   RO           73    .text.UART_Open     uart.o
    0x00000cb8   0x00000cb8   0x00000022   Code   RO           44    .text.fputc         retarget.o
    0x00000cda   0x00000cda   0x00000002   PAD
    0x00000cdc   0x00000cdc   0x00000040   Code   RO          202    .text.main          main.o
    0x00000d1c   0x00000d1c   0x00000020   Code   RO          434    i.__0printf$8       mc_w.l(printf8.o)
    0x00000d3c   0x00000d3c   0x0000000e   Code   RO          538    i.__scatterload_copy  mc_w.l(handlers.o)
    0x00000d4a   0x00000d4a   0x00000002   Code   RO          539    i.__scatterload_null  mc_w.l(handlers.o)
    0x00000d4c   0x00000d4c   0x0000000e   Code   RO          540    i.__scatterload_zeroinit  mc_w.l(handlers.o)
    0x00000d5a   0x00000d5a   0x00000002   PAD
    0x00000d5c   0x00000d5c   0x00000410   Code   RO          441    i._printf_core      mc_w.l(printf8.o)
    0x0000116c   0x0000116c   0x00000024   Code   RO          442    i._printf_post_padding  mc_w.l(printf8.o)
    0x00001190   0x00001190   0x0000002e   Code   RO          443    i._printf_pre_padding  mc_w.l(printf8.o)
    0x000011be   0x000011be   0x00000002   PAD
    0x000011c0   0x000011c0   0x00000024   Code   RO          216    i.puts              mc_w.l(puts.o)
    0x000011e4   0x000011e4   0x00000004   Data   RO          191    .rodata.cst4        clk.o
    0x000011e8   0x000011e8   0x00000083   Data   RO           50    .rodata.str1.1      retarget.o
    0x0000126b   0x0000126b   0x00000001   PAD
    0x0000126c   0x0000126c   0x00000020   Data   RO          537    Region$$Table       anon$$obj.o


    Execution Region RW_NOINIT (Exec base: 0x20000000, Load base: 0x0000128c, Size: 0x00000000, Max: 0x00027200, ABSOLUTE, UNINIT)

    **** No section assigned to this execution region ****


    Execution Region RW_RAM0 (Exec base: 0x20000000, Load base: 0x00001290, Size: 0x00000888, Max: 0x00027200, ABSOLUTE)

    Exec Addr    Load Addr    Size         Type   Attr      Idx    E Section Name        Object

    0x20000000   0x00001290   0x00000004   Data   RW           13    .data.CyclesPerUs   system_M480.o
    0x20000004   0x00001294   0x00000004   Data   RW           14    .data.PllClock      system_M480.o
    0x20000008   0x00001298   0x00000004   Data   RW           12    .data.SystemCoreClock  system_M480.o
    0x2000000c   0x0000129c   0x00000020   Data   RW           15    .data.gau32ClkSrcTbl  system_M480.o
    0x2000002c   0x000012bc   0x00000004   PAD
    0x20000030        -       0x00000800   Zero   RW            4    .bss.STACK          startup_M480_vsac6.o
    0x20000830        -       0x00000054   Zero   RW           51    .bss.__stdout       retarget.o
    0x20000884        -       0x00000004   Zero   RW          190    .bss.g_CLK_i32ErrCode  clk.o


    Execution Region ARM_LIB_HEAP (Exec base: 0x20000888, Load base: 0x000012c0, Size: 0x00000c00, Max: 0x00000c00, ABSOLUTE)

    Exec Addr    Load Addr    Size         Type   Attr      Idx    E Section Name        Object

    0x20000888        -       0x00000c00   Zero   RW            1    ARM_LIB_HEAP.bss    anon$$obj.o


    Execution Region ARM_LIB_STACK (Exec base: 0x20027e00, Load base: 0x000012c0, Size: 0x00000200, Max: 0x00000200, ABSOLUTE)

    Exec Addr    Load Addr    Size         Type   Attr      Idx    E Section Name        Object

    0x20027e00        -       0x00000200   Zero   RW            2    ARM_LIB_STACK.bss   anon$$obj.o


==============================================================================

Image component sizes


      Code (inc. data)   RO Data    RW Data    ZI Data      Debug   Object Name

      1236          0          4          0          4      15280   clk.o
       196         32          0          0          0       4230   main.o
       458        148        131          0         84       5472   retarget.o
       644         28          0          0       2048          0   startup_M480_vsac6.o
       216          0          0         44          0       4495   system_M480.o
       360          8          0          0          0       9680   uart.o

    ----------------------------------------------------------------------
      3124        216        168         44       5724      39157   Object Totals
         0          0         32          0       3584          0   (incl. Generated)
        14          0          1          0          4          0   (incl. Padding)

    ----------------------------------------------------------------------

      Code (inc. data)   RO Data    RW Data    ZI Data      Debug   Library Member Name

         0          0          0          0          0          0   entry.o
         0          0          0          0          0          0   entry10a.o
         0          0          0          0          0          0   entry11a.o
         8          4          0          0          0          0   entry4.o
         4          0          0          0          0          0   entry5.o
         0          0          0          0          0          0   entry7b.o
         0          0          0          0          0          0   entry8b.o
         8          4          0          0          0          0   entry9a.o
        30          0          0          0          0          0   handlers.o
        48         10          0          0          0         68   init.o
        30          0          0          0          0         68   llshl.o
        32          0          0          0          0         68   llushr.o
      1154         54          0          0          0        352   printf8.o
        36          6          0          0          0         80   puts.o
        98          0          0          0          0         92   uldiv.o

    ----------------------------------------------------------------------
      1456         78          0          0          0        728   Library Totals
         8          0          0          0          0          0   (incl. Padding)

    ----------------------------------------------------------------------

      Code (inc. data)   RO Data    RW Data    ZI Data      Debug   Library Name

      1448         78          0          0          0        728   mc_w.l

    ----------------------------------------------------------------------
      1456         78          0          0          0        728   Library Totals

    ----------------------------------------------------------------------

==============================================================================


      Code (inc. data)   RO Data    RW Data    ZI Data      Debug   

      4580        294        168         44       5724      39697   Grand Totals
      4580        294        168         44       5724      39697   ELF Image Totals
      4580        294        168         44          0          0   ROM Totals

==============================================================================

    Total RO  Size (Code + RO Data)                 4748 (   4.64kB)
    Total RW  Size (RW Data + ZI Data)              5768 (   5.63kB)
    Total ROM Size (Code + RO Data + RW Data)       4792 (   4.68kB)

==============================================================================

