Archive member included to satisfy reference by file (symbol)

c:/Users/Wright/.vcpkg/artifacts/2139c4c6/compilers.arm.arm.none.eabi.gcc/14.3.1/bin/../lib/gcc/arm-none-eabi/14.3.1/../../../../arm-none-eabi/lib/thumb/v7e-m+fp/hard\libc_nano.a(libc_a-exit.o)
                              c:/Users/Wright/.vcpkg/artifacts/2139c4c6/compilers.arm.arm.none.eabi.gcc/14.3.1/bin/../lib/gcc/arm-none-eabi/14.3.1/../../../../arm-none-eabi/lib/thumb/v7e-m+fp/hard/crt0.o (exit)
c:/Users/Wright/.vcpkg/artifacts/2139c4c6/compilers.arm.arm.none.eabi.gcc/14.3.1/bin/../lib/gcc/arm-none-eabi/14.3.1/../../../../arm-none-eabi/lib/thumb/v7e-m+fp/hard\libc_nano.a(libc_a-findfp.o)
                              c:/Users/Wright/.vcpkg/artifacts/2139c4c6/compilers.arm.arm.none.eabi.gcc/14.3.1/bin/../lib/gcc/arm-none-eabi/14.3.1/../../../../arm-none-eabi/lib/thumb/v7e-m+fp/hard\libc_nano.a(libc_a-exit.o) (__stdio_exit_handler)
c:/Users/Wright/.vcpkg/artifacts/2139c4c6/compilers.arm.arm.none.eabi.gcc/14.3.1/bin/../lib/gcc/arm-none-eabi/14.3.1/../../../../arm-none-eabi/lib/thumb/v7e-m+fp/hard\libc_nano.a(libc_a-fwalk.o)
                              c:/Users/Wright/.vcpkg/artifacts/2139c4c6/compilers.arm.arm.none.eabi.gcc/14.3.1/bin/../lib/gcc/arm-none-eabi/14.3.1/../../../../arm-none-eabi/lib/thumb/v7e-m+fp/hard\libc_nano.a(libc_a-findfp.o) (_fwalk_sglue)
c:/Users/Wright/.vcpkg/artifacts/2139c4c6/compilers.arm.arm.none.eabi.gcc/14.3.1/bin/../lib/gcc/arm-none-eabi/14.3.1/../../../../arm-none-eabi/lib/thumb/v7e-m+fp/hard\libc_nano.a(libc_a-printf.o)
                              CMakeFiles/Group_Library.dir/D_/Nuvoton/M480_SmartBox/Library/StdDriver/src/retarget.c.obj (printf)
c:/Users/Wright/.vcpkg/artifacts/2139c4c6/compilers.arm.arm.none.eabi.gcc/14.3.1/bin/../lib/gcc/arm-none-eabi/14.3.1/../../../../arm-none-eabi/lib/thumb/v7e-m+fp/hard\libc_nano.a(libc_a-stdio.o)
                              c:/Users/Wright/.vcpkg/artifacts/2139c4c6/compilers.arm.arm.none.eabi.gcc/14.3.1/bin/../lib/gcc/arm-none-eabi/14.3.1/../../../../arm-none-eabi/lib/thumb/v7e-m+fp/hard\libc_nano.a(libc_a-findfp.o) (__sread)
c:/Users/Wright/.vcpkg/artifacts/2139c4c6/compilers.arm.arm.none.eabi.gcc/14.3.1/bin/../lib/gcc/arm-none-eabi/14.3.1/../../../../arm-none-eabi/lib/thumb/v7e-m+fp/hard\libc_nano.a(libc_a-memset.o)
                              c:/Users/Wright/.vcpkg/artifacts/2139c4c6/compilers.arm.arm.none.eabi.gcc/14.3.1/bin/../lib/gcc/arm-none-eabi/14.3.1/../../../../arm-none-eabi/lib/thumb/v7e-m+fp/hard/crt0.o (memset)
c:/Users/Wright/.vcpkg/artifacts/2139c4c6/compilers.arm.arm.none.eabi.gcc/14.3.1/bin/../lib/gcc/arm-none-eabi/14.3.1/../../../../arm-none-eabi/lib/thumb/v7e-m+fp/hard\libc_nano.a(libc_a-closer.o)
                              c:/Users/Wright/.vcpkg/artifacts/2139c4c6/compilers.arm.arm.none.eabi.gcc/14.3.1/bin/../lib/gcc/arm-none-eabi/14.3.1/../../../../arm-none-eabi/lib/thumb/v7e-m+fp/hard\libc_nano.a(libc_a-stdio.o) (_close_r)
c:/Users/Wright/.vcpkg/artifacts/2139c4c6/compilers.arm.arm.none.eabi.gcc/14.3.1/bin/../lib/gcc/arm-none-eabi/14.3.1/../../../../arm-none-eabi/lib/thumb/v7e-m+fp/hard\libc_nano.a(libc_a-reent.o)
                              c:/Users/Wright/.vcpkg/artifacts/2139c4c6/compilers.arm.arm.none.eabi.gcc/14.3.1/bin/../lib/gcc/arm-none-eabi/14.3.1/../../../../arm-none-eabi/lib/thumb/v7e-m+fp/hard\libc_nano.a(libc_a-closer.o) (errno)
c:/Users/Wright/.vcpkg/artifacts/2139c4c6/compilers.arm.arm.none.eabi.gcc/14.3.1/bin/../lib/gcc/arm-none-eabi/14.3.1/../../../../arm-none-eabi/lib/thumb/v7e-m+fp/hard\libc_nano.a(libc_a-impure.o)
                              c:/Users/Wright/.vcpkg/artifacts/2139c4c6/compilers.arm.arm.none.eabi.gcc/14.3.1/bin/../lib/gcc/arm-none-eabi/14.3.1/../../../../arm-none-eabi/lib/thumb/v7e-m+fp/hard\libc_nano.a(libc_a-printf.o) (_impure_ptr)
c:/Users/Wright/.vcpkg/artifacts/2139c4c6/compilers.arm.arm.none.eabi.gcc/14.3.1/bin/../lib/gcc/arm-none-eabi/14.3.1/../../../../arm-none-eabi/lib/thumb/v7e-m+fp/hard\libc_nano.a(libc_a-lseekr.o)
                              c:/Users/Wright/.vcpkg/artifacts/2139c4c6/compilers.arm.arm.none.eabi.gcc/14.3.1/bin/../lib/gcc/arm-none-eabi/14.3.1/../../../../arm-none-eabi/lib/thumb/v7e-m+fp/hard\libc_nano.a(libc_a-stdio.o) (_lseek_r)
c:/Users/Wright/.vcpkg/artifacts/2139c4c6/compilers.arm.arm.none.eabi.gcc/14.3.1/bin/../lib/gcc/arm-none-eabi/14.3.1/../../../../arm-none-eabi/lib/thumb/v7e-m+fp/hard\libc_nano.a(libc_a-readr.o)
                              c:/Users/Wright/.vcpkg/artifacts/2139c4c6/compilers.arm.arm.none.eabi.gcc/14.3.1/bin/../lib/gcc/arm-none-eabi/14.3.1/../../../../arm-none-eabi/lib/thumb/v7e-m+fp/hard\libc_nano.a(libc_a-stdio.o) (_read_r)
c:/Users/Wright/.vcpkg/artifacts/2139c4c6/compilers.arm.arm.none.eabi.gcc/14.3.1/bin/../lib/gcc/arm-none-eabi/14.3.1/../../../../arm-none-eabi/lib/thumb/v7e-m+fp/hard\libc_nano.a(libc_a-writer.o)
[...]
Memory Configuration

Name             Origin             Length             Attributes
FLASH            0x00000000         0x00080000         xr
RAM              0x20000000         0x00020000         xrw
*default*        0x00000000         0xffffffff

Linker script and memory map

LOAD c:/Users/Wright/.vcpkg/artifacts/2139c4c6/compilers.arm.arm.none.eabi.gcc/14.3.1/bin/../lib/gcc/arm-none-eabi/14.3.1/thumb/v7e-m+fp/hard/crti.o
LOAD c:/Users/Wright/.vcpkg/artifacts/2139c4c6/compilers.arm.arm.none.eabi.gcc/14.3.1/bin/../lib/gcc/arm-none-eabi/14.3.1/thumb/v7e-m+fp/hard/crtbegin.o
LOAD c:/Users/Wright/.vcpkg/artifacts/2139c4c6/compilers.arm.arm.none.eabi.gcc/14.3.1/bin/../lib/gcc/arm-none-eabi/14.3.1/../../../../arm-none-eabi/lib/thumb/v7e-m+fp/hard/crt0.o
LOAD CMakeFiles/Group_CMSIS.dir/D_/Nuvoton/M480_SmartBox/Library/Device/Nuvoton/M480/Source/GCC/startup_M480.S.obj
LOAD CMakeFiles/Group_CMSIS.dir/D_/Nuvoton/M480_SmartBox/Library/Device/Nuvoton/M480/Source/system_M480.c.obj
LOAD CMakeFiles/Group_Library.dir/D_/Nuvoton/M480_SmartBox/Library/StdDriver/src/retarget.c.obj
LOAD CMakeFiles/Group_Library.dir/D_/Nuvoton/M480_SmartBox/Library/StdDriver/src/uart.c.obj
LOAD CMakeFiles/Group_Library.dir/D_/Nuvoton/M480_SmartBox/Library/StdDriver/src/sys.c.obj
LOAD CMakeFiles/Group_Library.dir/D_/Nuvoton/M480_SmartBox/Library/StdDriver/src/clk.c.obj
LOAD CMakeFiles/Group_Library.dir/D_/Nuvoton/M480_SmartBox/Library/StdDriver/src/gpio.c.obj
LOAD CMakeFiles/Group_User.dir/D_/Nuvoton/M480_SmartBox/SampleCode/Smart_Box/main.c.obj
LOAD CMakeFiles/Group_User.dir/D_/Nuvoton/M480_SmartBox/SampleCode/Smart_Box/led_controller.c.obj
START GROUP
LOAD c:/Users/Wright/.vcpkg/artifacts/2139c4c6/compilers.arm.arm.none.eabi.gcc/14.3.1/bin/../lib/gcc/arm-none-eabi/14.3.1/thumb/v7e-m+fp/hard\libgcc.a
LOAD c:/Users/Wright/.vcpkg/artifacts/2139c4c6/compilers.arm.arm.none.eabi.gcc/14.3.1/bin/../lib/gcc/arm-none-eabi/14.3.1/../../../../arm-none-eabi/lib/thumb/v7e-m+fp/hard\libc_nano.a
END GROUP
START GROUP
LOAD c:/Users/Wright/.vcpkg/artifacts/2139c4c6/compilers.arm.arm.none.eabi.gcc/14.3.1/bin/../lib/gcc/arm-none-eabi/14.3.1/thumb/v7e-m+fp/hard\libgcc.a
LOAD c:/Users/Wright/.vcpkg/artifacts/2139c4c6/compilers.arm.arm.none.eabi.gcc/14.3.1/bin/../lib/gcc/arm-none-eabi/14.3.1/../../../../arm-none-eabi/lib/thumb/v7e-m+fp/hard\libc_nano.a
END GROUP
LOAD c:/Users/Wright/.vcpkg/artifacts/2139c4c6/compilers.arm.arm.none.eabi.gcc/14.3.1/bin/../lib/gcc/arm-none-eabi/14.3.1/thumb/v7e-m+fp/hard/crtend.o
LOAD c:/Users/Wright/.vcpkg/artifacts/2139c4c6/compilers.arm.arm.none.eabi.gcc/14.3.1/bin/../lib/gcc/arm-none-eabi/14.3.1/thumb/v7e-m+fp/hard/crtn.o
START GROUP
LOAD c:/Users/Wright/.vcpkg/artifacts/2139c4c6/compilers.arm.arm.none.eabi.gcc/14.3.1/bin/../lib/gcc/arm-none-eabi/14.3.1/thumb/v7e-m+fp/hard\libgcc.a
LOAD c:/Users/Wright/.vcpkg/artifacts/2139c4c6/compilers.arm.arm.none.eabi.gcc/14.3.1/bin/../lib/gcc/arm-none-eabi/14.3.1/../../../../arm-none-eabi/lib/thumb/v7e-m+fp/hard\libc.a
LOAD c:/Users/Wright/.vcpkg/artifacts/2139c4c6/compilers.arm.arm.none.eabi.gcc/14.3.1/bin/../lib/gcc/arm-none-eabi/14.3.1/../../../../arm-none-eabi/lib/thumb/v7e-m+fp/hard\libm.a
LOAD c:/Users/Wright/.vcpkg/artifacts/2139c4c6/compilers.arm.arm.none.eabi.gcc/14.3.1/bin/../lib/gcc/arm-none-eabi/14.3.1/../../../../arm-none-eabi/lib/thumb/v7e-m+fp/hard\libnosys.a
END GROUP

.text           0x00000000     0x22c8
 *(.vectors)
 .vectors       0x00000000      0x1f4 CMakeFiles/Group_CMSIS.dir/D_/Nuvoton/M480_SmartBox/Library/Device/Nuvoton/M480/Source/GCC/startup_M480.S.obj
                0x00000000                __Vectors
                0x000001f4                        __Vectors_End = .
                0x000001f4                        __Vectors_Size = (__Vectors_End - __Vectors)
                0x20000278                        __end__ = .
 *(.text*)
 .text.deregister_tm_clones
                0x000001f4       0x1c c:/Users/Wright/.vcpkg/artifacts/2139c4c6/compilers.arm.arm.none.eabi.gcc/14.3.1/bin/../lib/gcc/arm-none-eabi/14.3.1/thumb/v7e-m+fp/hard/crtbegin.o
 .text.register_tm_clones
                0x00000210       0x24 c:/Users/Wright/.vcpkg/artifacts/2139c4c6/compilers.arm.arm.none.eabi.gcc/14.3.1/bin/../lib/gcc/arm-none-eabi/14.3.1/thumb/v7e-m+fp/hard/crtbegin.o
 .text.__do_global_dtors_aux
                0x00000234       0x28 c:/Users/Wright/.vcpkg/artifacts/2139c4c6/compilers.arm.arm.none.eabi.gcc/14.3.1/bin/../lib/gcc/arm-none-eabi/14.3.1/thumb/v7e-m+fp/hard/crtbegin.o
 .text.frame_dummy
                0x0000025c       0x24 c:/Users/Wright/.vcpkg/artifacts/2139c4c6/compilers.arm.arm.none.eabi.gcc/14.3.1/bin/../lib/gcc/arm-none-eabi/14.3.1/thumb/v7e-m+fp/hard/crtbegin.o
 .text          0x00000280       0x7c c:/Users/Wright/.vcpkg/artifacts/2139c4c6/compilers.arm.arm.none.eabi.gcc/14.3.1/bin/../lib/gcc/arm-none-eabi/14.3.1/../../../../arm-none-eabi/lib/thumb/v7e-m+fp/hard/crt0.o
                0x00000280                _stack_init
                0x00000288                _start
                0x00000288                _mainCRTStartup
 .text          0x000002fc       0x84 CMakeFiles/Group_CMSIS.dir/D_/Nuvoton/M480_SmartBox/Library/Device/Nuvoton/M480/Source/GCC/startup_M480.S.obj
                0x000002fc                Reset_Handler
                0x00000368                HardFault_Handler
                0x00000378                ProcessHardFaultx
                0x0000037a                DebugMon_Handler
                0x0000037a                EPWM1P2_IRQHandler
                0x0000037a                ACMP01_IRQHandler
                0x0000037a                I2C0_IRQHandler
                0x0000037a                SC2_IRQHandler
                0x0000037a                EMAC_RX_IRQHandler
                0x0000037a                SC0_IRQHandler
                0x0000037a                USCI0_IRQHandler
                0x0000037a                EADC13_IRQHandler
                0x0000037a                PendSV_Handler
                0x0000037a                NMI_Handler
                0x0000037a                I2C1_IRQHandler
                0x0000037a                EINT2_IRQHandler
                0x0000037a                UART1_IRQHandler
                0x0000037a                CAN1_IRQHandler
                0x0000037a                EINT3_IRQHandler
                0x0000037a                EADC01_IRQHandler
                0x0000037a                I2S0_IRQHandler
                0x0000037a                EINT6_IRQHandler
                0x0000037a                EPWM1P1_IRQHandler
                0x0000037a                UART0_IRQHandler
                0x0000037a                BRAKE0_IRQHandler
                0x0000037a                GPE_IRQHandler
                0x0000037a                EPWM1P0_IRQHandler
                0x0000037a                EADC03_IRQHandler
                0x0000037a                SDH1_IRQHandler
                0x0000037a                USBD_IRQHandler
                0x0000037a                EADC12_IRQHandler
                0x0000037a                UsageFault_Handler
                0x0000037a                EADC10_IRQHandler
                0x0000037a                GPB_IRQHandler
                0x0000037a                SPI1_IRQHandler
                0x0000037a                TAMPER_IRQHandler
                0x0000037a                TMR0_IRQHandler
                0x0000037a                USCI1_IRQHandler
                0x0000037a                SDH0_IRQHandler
                0x0000037a                QSPI0_IRQHandler
                0x0000037a                EPWM0P1_IRQHandler
                0x0000037a                GPA_IRQHandler
                0x0000037a                IRC_IRQHandler
                0x0000037a                I2C2_IRQHandler
                0x0000037a                EINT7_IRQHandler
                0x0000037a                EADC02_IRQHandler
                0x0000037a                RTC_IRQHandler
                0x0000037a                PWRWU_IRQHandler
                0x0000037a                BRAKE1_IRQHandler
                0x0000037a                UART5_IRQHandler
                0x0000037a                BPWM1_IRQHandler
                0x0000037a                EINT1_IRQHandler
                0x0000037a                EADC11_IRQHandler
                0x0000037a                UART2_IRQHandler
                0x0000037a                EHCI_IRQHandler
                0x0000037a                GPH_IRQHandler
                0x0000037a                UART4_IRQHandler
                0x0000037a                GPC_IRQHandler
                0x0000037a                OHCI_IRQHandler
                0x0000037a                Default_Handler
                0x0000037a                QSPI1_IRQHandler
                0x0000037a                CKFAIL_IRQHandler
                0x0000037a                USBOTG20_IRQHandler
                0x0000037a                QEI1_IRQHandler
                0x0000037a                TMR2_IRQHandler
                0x0000037a                SPIM_IRQHandler
                0x0000037a                ECAP0_IRQHandler
                0x0000037a                QEI0_IRQHandler
                0x0000037a                BPWM0_IRQHandler
                0x0000037a                BOD_IRQHandler
                0x0000037a                SPI2_IRQHandler
                0x0000037a                MemManage_Handler
                0x0000037a                WDT_IRQHandler
                0x0000037a                SVC_Handler
                0x0000037a                USBOTG_IRQHandler
                0x0000037a                OPA0_IRQHandler
                0x0000037a                EINT4_IRQHandler
                0x0000037a                USBD20_IRQHandler
                0x0000037a                PDMA_IRQHandler
                0x0000037a                SC1_IRQHandler
                0x0000037a                RAMPE_IRQHandler
                0x0000037a                EPWM0P0_IRQHandler
                0x0000037a                EINT0_IRQHandler
                0x0000037a                EINT5_IRQHandler
                0x0000037a                CRYPTO_IRQHandler
                0x0000037a                GPG_IRQHandler
                0x0000037a                CAN0_IRQHandler
                0x0000037a                TMR3_IRQHandler
                0x0000037a                EPWM0P2_IRQHandler
                0x0000037a                DAC_IRQHandler
                0x0000037a                EMAC_TX_IRQHandler
                0x0000037a                SPI0_IRQHandler
                0x0000037a                GPD_IRQHandler
                0x0000037a                UART7_IRQHandler
                0x0000037a                UART6_IRQHandler
                0x0000037a                CCAP_IRQHandler
                0x0000037a                ECAP1_IRQHandler
                0x0000037a                CAN2_IRQHandler
                0x0000037a                GPF_IRQHandler
                0x0000037a                BusFault_Handler
                0x0000037a                SPI3_IRQHandler
                0x0000037a                UART3_IRQHandler
                0x0000037a                TMR1_IRQHandler
                0x0000037a                TRNG_IRQHandler
                0x0000037a                WWDT_IRQHandler
                0x0000037a                EADC00_IRQHandler
 .text.SystemCoreClockUpdate
                0x00000380       0x5c CMakeFiles/Group_CMSIS.dir/D_/Nuvoton/M480_SmartBox/Library/Device/Nuvoton/M480/Source/system_M480.c.obj
                0x00000380                SystemCoreClockUpdate
 .text.SystemInit
                0x000003dc       0x74 CMakeFiles/Group_CMSIS.dir/D_/Nuvoton/M480_SmartBox/Library/Device/Nuvoton/M480/Source/system_M480.c.obj
                0x000003dc                SystemInit
 .text.ProcessHardFault
                0x00000450      0x18c CMakeFiles/Group_Library.dir/D_/Nuvoton/M480_SmartBox/Library/StdDriver/src/retarget.c.obj
                0x00000450                ProcessHardFault
 .text._write   0x000005dc       0x40 CMakeFiles/Group_Library.dir/D_/Nuvoton/M480_SmartBox/Library/StdDriver/src/retarget.c.obj
                0x000005dc                _write
 .text._read    0x0000061c       0x18 CMakeFiles/Group_Library.dir/D_/Nuvoton/M480_SmartBox/Library/StdDriver/src/retarget.c.obj
                0x0000061c                _read
 .text._close   0x00000634        0x6 CMakeFiles/Group_Library.dir/D_/Nuvoton/M480_SmartBox/Library/StdDriver/src/retarget.c.obj
                0x00000634                _close
 .text._lseek   0x0000063a        0x4 CMakeFiles/Group_Library.dir/D_/Nuvoton/M480_SmartBox/Library/StdDriver/src/retarget.c.obj
                0x0000063a                _lseek
 .text._fstat   0x0000063e        0xa CMakeFiles/Group_Library.dir/D_/Nuvoton/M480_SmartBox/Library/StdDriver/src/retarget.c.obj
                0x0000063e                _fstat
 .text._isatty  0x00000648        0x4 CMakeFiles/Group_Library.dir/D_/Nuvoton/M480_SmartBox/Library/StdDriver/src/retarget.c.obj
                0x00000648                _isatty
 .text.UART_Open
                0x0000064c      0x174 CMakeFiles/Group_Library.dir/D_/Nuvoton/M480_SmartBox/Library/StdDriver/src/uart.c.obj
                0x0000064c                UART_Open
 .text.CLK_SetModuleClock
                0x000007c0       0xd0 CMakeFiles/Group_Library.dir/D_/Nuvoton/M480_SmartBox/Library/StdDriver/src/clk.c.obj
                0x000007c0                CLK_SetModuleClock
 .text.CLK_EnableXtalRC
                0x00000890       0x10 CMakeFiles/Group_Library.dir/D_/Nuvoton/M480_SmartBox/Library/StdDriver/src/clk.c.obj
                0x00000890                CLK_EnableXtalRC
 .text.CLK_EnableModuleClock
                0x000008a0       0x1c CMakeFiles/Group_Library.dir/D_/Nuvoton/M480_SmartBox/Library/StdDriver/src/clk.c.obj
                0x000008a0                CLK_EnableModuleClock
 .text.CLK_DisablePLL
                0x000008bc       0x10 CMakeFiles/Group_Library.dir/D_/Nuvoton/M480_SmartBox/Library/StdDriver/src/clk.c.obj
                0x000008bc                CLK_DisablePLL
 .text.CLK_WaitClockReady
                0x000008cc       0x38 CMakeFiles/Group_Library.dir/D_/Nuvoton/M480_SmartBox/Library/StdDriver/src/clk.c.obj
                0x000008cc                CLK_WaitClockReady
 .text.CLK_SetHCLK
                0x00000904       0x4c CMakeFiles/Group_Library.dir/D_/Nuvoton/M480_SmartBox/Library/StdDriver/src/clk.c.obj
                0x00000904                CLK_SetHCLK
 .text.CLK_GetPLLClockFreq
                0x00000950       0x58 CMakeFiles/Group_Library.dir/D_/Nuvoton/M480_SmartBox/Library/StdDriver/src/clk.c.obj
                0x00000950                CLK_GetPLLClockFreq
 .text.CLK_EnablePLL
                0x000009a8      0x158 CMakeFiles/Group_Library.dir/D_/Nuvoton/M480_SmartBox/Library/StdDriver/src/clk.c.obj
                0x000009a8                CLK_EnablePLL
 .text.CLK_SetCoreClock
                0x00000b00       0x7c CMakeFiles/Group_Library.dir/D_/Nuvoton/M480_SmartBox/Library/StdDriver/src/clk.c.obj
                0x00000b00                CLK_SetCoreClock
 .text.GPIO_SetMode
                0x00000b7c       0x50 CMakeFiles/Group_Library.dir/D_/Nuvoton/M480_SmartBox/Library/StdDriver/src/gpio.c.obj
                0x00000b7c                GPIO_SetMode
 .text.get_system_time_ms
                0x00000bcc        0xc CMakeFiles/Group_User.dir/D_/Nuvoton/M480_SmartBox/SampleCode/Smart_Box/main.c.obj
                0x00000bcc                get_system_time_ms
 .text.SysTick_Handler
                0x00000bd8       0x10 CMakeFiles/Group_User.dir/D_/Nuvoton/M480_SmartBox/SampleCode/Smart_Box/main.c.obj
                0x00000bd8                SysTick_Handler
 .text.SYS_Init
                0x00000be8       0x84 CMakeFiles/Group_User.dir/D_/Nuvoton/M480_SmartBox/SampleCode/Smart_Box/main.c.obj
                0x00000be8                SYS_Init
 .text.led_system_init
                0x00000c6c       0x64 CMakeFiles/Group_User.dir/D_/Nuvoton/M480_SmartBox/SampleCode/Smart_Box/main.c.obj
                0x00000c6c                led_system_init
 .text.main     0x00000cd0      0x1a0 CMakeFiles/Group_User.dir/D_/Nuvoton/M480_SmartBox/SampleCode/Smart_Box/main.c.obj
                0x00000cd0                main
 .text.led_controller_init
                0x00000e70       0x50 CMakeFiles/Group_User.dir/D_/Nuvoton/M480_SmartBox/SampleCode/Smart_Box/led_controller.c.obj
                0x00000e70                led_controller_init
 .text.led_controller_set_state
                0x00000ec0       0x52 CMakeFiles/Group_User.dir/D_/Nuvoton/M480_SmartBox/SampleCode/Smart_Box/led_controller.c.obj
                0x00000ec0                led_controller_set_state
 .text.led_controller_update
                0x00000f12       0x6e CMakeFiles/Group_User.dir/D_/Nuvoton/M480_SmartBox/SampleCode/Smart_Box/led_controller.c.obj
                0x00000f12                led_controller_update
 .text.led_manager_init
                0x00000f80        0xe CMakeFiles/Group_User.dir/D_/Nuvoton/M480_SmartBox/SampleCode/Smart_Box/led_controller.c.obj
                0x00000f80                led_manager_init
 .text.led_manager_set_led_state
                0x00000f8e       0x26 CMakeFiles/Group_User.dir/D_/Nuvoton/M480_SmartBox/SampleCode/Smart_Box/led_controller.c.obj
                0x00000f8e                led_manager_set_led_state
 .text.led_manager_update_all
                0x00000fb4       0x2a CMakeFiles/Group_User.dir/D_/Nuvoton/M480_SmartBox/SampleCode/Smart_Box/led_controller.c.obj
                0x00000fb4                led_manager_update_all
 .text.led_manager_set_all_off
                0x00000fde       0x22 CMakeFiles/Group_User.dir/D_/Nuvoton/M480_SmartBox/SampleCode/Smart_Box/led_controller.c.obj
                0x00000fde                led_manager_set_all_off
 .text.led_manager_set_all_on
                0x00001000       0x22 CMakeFiles/Group_User.dir/D_/Nuvoton/M480_SmartBox/SampleCode/Smart_Box/led_controller.c.obj
                0x00001000                led_manager_set_all_on
 .text.led_manager_set_all_blinking
                0x00001022       0x22 CMakeFiles/Group_User.dir/D_/Nuvoton/M480_SmartBox/SampleCode/Smart_Box/led_controller.c.obj
                0x00001022                led_manager_set_all_blinking
 .text.exit     0x00001044       0x24 c:/Users/Wright/.vcpkg/artifacts/2139c4c6/compilers.arm.arm.none.eabi.gcc/14.3.1/bin/../lib/gcc/arm-none-eabi/14.3.1/../../../../arm-none-eabi/lib/thumb/v7e-m+fp/hard\libc_nano.a(libc_a-exit.o)
                0x00001044                exit
 .text.std      0x00001068       0x6c c:/Users/Wright/.vcpkg/artifacts/2139c4c6/compilers.arm.arm.none.eabi.gcc/14.3.1/bin/../lib/gcc/arm-none-eabi/14.3.1/../../../../arm-none-eabi/lib/thumb/v7e-m+fp/hard\libc_nano.a(libc_a-findfp.o)
 .text.stdio_exit_handler
                0x000010d4       0x18 c:/Users/Wright/.vcpkg/artifacts/2139c4c6/compilers.arm.arm.none.eabi.gcc/14.3.1/bin/../lib/gcc/arm-none-eabi/14.3.1/../../../../arm-none-eabi/lib/thumb/v7e-m+fp/hard\libc_nano.a(libc_a-findfp.o)
 .text.cleanup_stdio
                0x000010ec       0x40 c:/Users/Wright/.vcpkg/artifacts/2139c4c6/compilers.arm.arm.none.eabi.gcc/14.3.1/bin/../lib/gcc/arm-none-eabi/14.3.1/../../../../arm-none-eabi/lib/thumb/v7e-m+fp/hard\libc_nano.a(libc_a-findfp.o)
 .text.global_stdio_init.part.0
                0x0000112c       0x40 c:/Users/Wright/.vcpkg/artifacts/2139c4c6/compilers.arm.arm.none.eabi.gcc/14.3.1/bin/../lib/gcc/arm-none-eabi/14.3.1/../../../../arm-none-eabi/lib/thumb/v7e-m+fp/hard\libc_nano.a(libc_a-findfp.o)
 .text.__sfp_lock_acquire
                0x0000116c        0xc c:/Users/Wright/.vcpkg/artifacts/2139c4c6/compilers.arm.arm.none.eabi.gcc/14.3.1/bin/../lib/gcc/arm-none-eabi/14.3.1/../../../../arm-none-eabi/lib/thumb/v7e-m+fp/hard\libc_nano.a(libc_a-findfp.o)
                0x0000116c                __sfp_lock_acquire
 .text.__sfp_lock_release
                0x00001178        0xc c:/Users/Wright/.vcpkg/artifacts/2139c4c6/compilers.arm.arm.none.eabi.gcc/14.3.1/bin/../lib/gcc/arm-none-eabi/14.3.1/../../../../arm-none-eabi/lib/thumb/v7e-m+fp/hard\libc_nano.a(libc_a-findfp.o)
                0x00001178                __sfp_lock_release
 .text.__sinit  0x00001184       0x30 c:/Users/Wright/.vcpkg/artifacts/2139c4c6/compilers.arm.arm.none.eabi.gcc/14.3.1/bin/../lib/gcc/arm-none-eabi/14.3.1/../../../../arm-none-eabi/lib/thumb/v7e-m+fp/hard\libc_nano.a(libc_a-findfp.o)
                0x00001184                __sinit
 .text._fwalk_sglue
                0x000011b4       0x3c c:/Users/Wright/.vcpkg/artifacts/2139c4c6/compilers.arm.arm.none.eabi.gcc/14.3.1/bin/../lib/gcc/arm-none-eabi/14.3.1/../../../../arm-none-eabi/lib/thumb/v7e-m+fp/hard\libc_nano.a(libc_a-fwalk.o)
                0x000011b4                _fwalk_sglue
 .text.printf   0x000011f0       0x24 c:/Users/Wright/.vcpkg/artifacts/2139c4c6/compilers.arm.arm.none.eabi.gcc/14.3.1/bin/../lib/gcc/arm-none-eabi/14.3.1/../../../../arm-none-eabi/lib/thumb/v7e-m+fp/hard\libc_nano.a(libc_a-printf.o)
                0x000011f0                iprintf
                0x000011f0                printf
 .text.__sread  0x00001214       0x22 c:/Users/Wright/.vcpkg/artifacts/2139c4c6/compilers.arm.arm.none.eabi.gcc/14.3.1/bin/../lib/gcc/arm-none-eabi/14.3.1/../../../../arm-none-eabi/lib/thumb/v7e-m+fp/hard\libc_nano.a(libc_a-stdio.o)
                0x00001214                __sread
 .text.__swrite
                0x00001236       0x38 c:/Users/Wright/.vcpkg/artifacts/2139c4c6/compilers.arm.arm.none.eabi.gcc/14.3.1/bin/../lib/gcc/arm-none-eabi/14.3.1/../../../../arm-none-eabi/lib/thumb/v7e-m+fp/hard\libc_nano.a(libc_a-stdio.o)
                0x00001236                __swrite
 .text.__sseek  0x0000126e       0x26 c:/Users/Wright/.vcpkg/artifacts/2139c4c6/compilers.arm.arm.none.eabi.gcc/14.3.1/bin/../lib/gcc/arm-none-eabi/14.3.1/../../../../arm-none-eabi/lib/thumb/v7e-m+fp/hard\libc_nano.a(libc_a-stdio.o)
                0x0000126e                __sseek
 .text.__sclose
                0x00001294        0x8 c:/Users/Wright/.vcpkg/artifacts/2139c4c6/compilers.arm.arm.none.eabi.gcc/14.3.1/bin/../lib/gcc/arm-none-eabi/14.3.1/../../../../arm-none-eabi/lib/thumb/v7e-m+fp/hard\libc_nano.a(libc_a-stdio.o)
                0x00001294                __sclose
 .text.memset   0x0000129c       0x10 c:/Users/Wright/.vcpkg/artifacts/2139c4c6/compilers.arm.arm.none.eabi.gcc/14.3.1/bin/../lib/gcc/arm-none-eabi/14.3.1/../../../../arm-none-eabi/lib/thumb/v7e-m+fp/hard\libc_nano.a(libc_a-memset.o)
                0x0000129c                memset
 .text._close_r
                0x000012ac       0x20 c:/Users/Wright/.vcpkg/artifacts/2139c4c6/compilers.arm.arm.none.eabi.gcc/14.3.1/bin/../lib/gcc/arm-none-eabi/14.3.1/../../../../arm-none-eabi/lib/thumb/v7e-m+fp/hard\libc_nano.a(libc_a-closer.o)
                0x000012ac                _close_r
 .text._lseek_r
                0x000012cc       0x24 c:/Users/Wright/.vcpkg/artifacts/2139c4c6/compilers.arm.arm.none.eabi.gcc/14.3.1/bin/../lib/gcc/arm-none-eabi/14.3.1/../../../../arm-none-eabi/lib/thumb/v7e-m+fp/hard\libc_nano.a(libc_a-lseekr.o)
                0x000012cc                _lseek_r
 .text._read_r  0x000012f0       0x24 c:/Users/Wright/.vcpkg/artifacts/2139c4c6/compilers.arm.arm.none.eabi.gcc/14.3.1/bin/../lib/gcc/arm-none-eabi/14.3.1/../../../../arm-none-eabi/lib/thumb/v7e-m+fp/hard\libc_nano.a(libc_a-readr.o)
                0x000012f0                _read_r
 .text._write_r
                0x00001314       0x24 c:/Users/Wright/.vcpkg/artifacts/2139c4c6/compilers.arm.arm.none.eabi.gcc/14.3.1/bin/../lib/gcc/arm-none-eabi/14.3.1/../../../../arm-none-eabi/lib/thumb/v7e-m+fp/hard\libc_nano.a(libc_a-writer.o)
                0x00001314                _write_r
 .text.__libc_init_array
                0x00001338       0x48 c:/Users/Wright/.vcpkg/artifacts/2139c4c6/compilers.arm.arm.none.eabi.gcc/14.3.1/bin/../lib/gcc/arm-none-eabi/14.3.1/../../../../arm-none-eabi/lib/thumb/v7e-m+fp/hard\libc_nano.a(libc_a-init.o)
                0x00001338                __libc_init_array
 .text.__retarget_lock_init_recursive
                0x00001380        0x2 c:/Users/Wright/.vcpkg/artifacts/2139c4c6/compilers.arm.arm.none.eabi.gcc/14.3.1/bin/../lib/gcc/arm-none-eabi/14.3.1/../../../../arm-none-eabi/lib/thumb/v7e-m+fp/hard\libc_nano.a(libc_a-lock.o)
                0x00001380                __retarget_lock_init_recursive
 .text.__retarget_lock_acquire_recursive
                0x00001382        0x2 c:/Users/Wright/.vcpkg/artifacts/2139c4c6/compilers.arm.arm.none.eabi.gcc/14.3.1/bin/../lib/gcc/arm-none-eabi/14.3.1/../../../../arm-none-eabi/lib/thumb/v7e-m+fp/hard\libc_nano.a(libc_a-lock.o)
                0x00001382                __retarget_lock_acquire_recursive
 .text.__retarget_lock_release_recursive
                0x00001384        0x2 c:/Users/Wright/.vcpkg/artifacts/2139c4c6/compilers.arm.arm.none.eabi.gcc/14.3.1/bin/../lib/gcc/arm-none-eabi/14.3.1/../../../../arm-none-eabi/lib/thumb/v7e-m+fp/hard\libc_nano.a(libc_a-lock.o)
                0x00001384                __retarget_lock_release_recursive
 *fill*         0x00001386        0x2 
 .text._free_r  0x00001388       0x94 c:/Users/Wright/.vcpkg/artifacts/2139c4c6/compilers.arm.arm.none.eabi.gcc/14.3.1/bin/../lib/gcc/arm-none-eabi/14.3.1/../../../../arm-none-eabi/lib/thumb/v7e-m+fp/hard\libc_nano.a(libc_a-freer.o)
                0x00001388                _free_r
 .text.sbrk_aligned
                0x0000141c       0x44 c:/Users/Wright/.vcpkg/artifacts/2139c4c6/compilers.arm.arm.none.eabi.gcc/14.3.1/bin/../lib/gcc/arm-none-eabi/14.3.1/../../../../arm-none-eabi/lib/thumb/v7e-m+fp/hard\libc_nano.a(libc_a-mallocr.o)
 .text._malloc_r
                0x00001460      0x100 c:/Users/Wright/.vcpkg/artifacts/2139c4c6/compilers.arm.arm.none.eabi.gcc/14.3.1/bin/../lib/gcc/arm-none-eabi/14.3.1/../../../../arm-none-eabi/lib/thumb/v7e-m+fp/hard\libc_nano.a(libc_a-mallocr.o)
                0x00001460                _malloc_r
 .text.__malloc_lock
                0x00001560        0xc c:/Users/Wright/.vcpkg/artifacts/2139c4c6/compilers.arm.arm.none.eabi.gcc/14.3.1/bin/../lib/gcc/arm-none-eabi/14.3.1/../../../../arm-none-eabi/lib/thumb/v7e-m+fp/hard\libc_nano.a(libc_a-mlock.o)
                0x00001560                __malloc_lock
 .text.__malloc_unlock
                0x0000156c        0xc c:/Users/Wright/.vcpkg/artifacts/2139c4c6/compilers.arm.arm.none.eabi.gcc/14.3.1/bin/../lib/gcc/arm-none-eabi/14.3.1/../../../../arm-none-eabi/lib/thumb/v7e-m+fp/hard\libc_nano.a(libc_a-mlock.o)
                0x0000156c                __malloc_unlock
 .text.__sfputc_r
                0x00001578       0x2e c:/Users/Wright/.vcpkg/artifacts/2139c4c6/compilers.arm.arm.none.eabi.gcc/14.3.1/bin/../lib/gcc/arm-none-eabi/14.3.1/../../../../arm-none-eabi/lib/thumb/v7e-m+fp/hard\libc_nano.a(libc_a-nano-vfprintf.o)
 .text.__sfputs_r
                0x000015a6       0x24 c:/Users/Wright/.vcpkg/artifacts/2139c4c6/compilers.arm.arm.none.eabi.gcc/14.3.1/bin/../lib/gcc/arm-none-eabi/14.3.1/../../../../arm-none-eabi/lib/thumb/v7e-m+fp/hard\libc_nano.a(libc_a-nano-vfprintf.o)
                0x000015a6                __sfputs_r
 *fill*         0x000015ca        0x2 
 .text._vfprintf_r
                0x000015cc      0x228 c:/Users/Wright/.vcpkg/artifacts/2139c4c6/compilers.arm.arm.none.eabi.gcc/14.3.1/bin/../lib/gcc/arm-none-eabi/14.3.1/../../../../arm-none-eabi/lib/thumb/v7e-m+fp/hard\libc_nano.a(libc_a-nano-vfprintf.o)
                0x000015cc                _vfprintf_r
                0x000015cc                _vfiprintf_r
 .text._printf_common
                0x000017f4       0xda c:/Users/Wright/.vcpkg/artifacts/2139c4c6/compilers.arm.arm.none.eabi.gcc/14.3.1/bin/../lib/gcc/arm-none-eabi/14.3.1/../../../../arm-none-eabi/lib/thumb/v7e-m+fp/hard\libc_nano.a(libc_a-nano-vfprintf_i.o)
                0x000017f4                _printf_common
 *fill*         0x000018ce        0x2 
 .text._printf_i
                0x000018d0      0x24c c:/Users/Wright/.vcpkg/artifacts/2139c4c6/compilers.arm.arm.none.eabi.gcc/14.3.1/bin/../lib/gcc/arm-none-eabi/14.3.1/../../../../arm-none-eabi/lib/thumb/v7e-m+fp/hard\libc_nano.a(libc_a-nano-vfprintf_i.o)
                0x000018d0                _printf_i
 .text.__sflush_r
                0x00001b1c      0x104 c:/Users/Wright/.vcpkg/artifacts/2139c4c6/compilers.arm.arm.none.eabi.gcc/14.3.1/bin/../lib/gcc/arm-none-eabi/14.3.1/../../../../arm-none-eabi/lib/thumb/v7e-m+fp/hard\libc_nano.a(libc_a-fflush.o)
                0x00001b1c                __sflush_r
 .text._fflush_r
                0x00001c20       0x50 c:/Users/Wright/.vcpkg/artifacts/2139c4c6/compilers.arm.arm.none.eabi.gcc/14.3.1/bin/../lib/gcc/arm-none-eabi/14.3.1/../../../../arm-none-eabi/lib/thumb/v7e-m+fp/hard\libc_nano.a(libc_a-fflush.o)
                0x00001c20                _fflush_r
 .text.__swbuf_r
                0x00001c70       0x7c c:/Users/Wright/.vcpkg/artifacts/2139c4c6/compilers.arm.arm.none.eabi.gcc/14.3.1/bin/../lib/gcc/arm-none-eabi/14.3.1/../../../../arm-none-eabi/lib/thumb/v7e-m+fp/hard\libc_nano.a(libc_a-wbuf.o)
                0x00001c70                __swbuf_r
 .text.__swsetup_r
                0x00001cec       0xa8 c:/Users/Wright/.vcpkg/artifacts/2139c4c6/compilers.arm.arm.none.eabi.gcc/14.3.1/bin/../lib/gcc/arm-none-eabi/14.3.1/../../../../arm-none-eabi/lib/thumb/v7e-m+fp/hard\libc_nano.a(libc_a-wsetup.o)
                0x00001cec                __swsetup_r
 .text._sbrk_r  0x00001d94       0x20 c:/Users/Wright/.vcpkg/artifacts/2139c4c6/compilers.arm.arm.none.eabi.gcc/14.3.1/bin/../lib/gcc/arm-none-eabi/14.3.1/../../../../arm-none-eabi/lib/thumb/v7e-m+fp/hard\libc_nano.a(libc_a-sbrkr.o)
                0x00001d94                _sbrk_r
 *fill*         0x00001db4        0xc 
 .text          0x00001dc0       0xa0 c:/Users/Wright/.vcpkg/artifacts/2139c4c6/compilers.arm.arm.none.eabi.gcc/14.3.1/bin/../lib/gcc/arm-none-eabi/14.3.1/../../../../arm-none-eabi/lib/thumb/v7e-m+fp/hard\libc_nano.a(libc_a-memchr.o)
                0x00001dc0                memchr
 .text.__swhatbuf_r
                0x00001e60       0x48 c:/Users/Wright/.vcpkg/artifacts/2139c4c6/compilers.arm.arm.none.eabi.gcc/14.3.1/bin/../lib/gcc/arm-none-eabi/14.3.1/../../../../arm-none-eabi/lib/thumb/v7e-m+fp/hard\libc_nano.a(libc_a-makebuf.o)
                0x00001e60                __swhatbuf_r
 .text.__smakebuf_r
                0x00001ea8       0x72 c:/Users/Wright/.vcpkg/artifacts/2139c4c6/compilers.arm.arm.none.eabi.gcc/14.3.1/bin/../lib/gcc/arm-none-eabi/14.3.1/../../../../arm-none-eabi/lib/thumb/v7e-m+fp/hard\libc_nano.a(libc_a-makebuf.o)
                0x00001ea8                __smakebuf_r
 *fill*         0x00001f1a        0x2 
 .text._fstat_r
                0x00001f1c       0x24 c:/Users/Wright/.vcpkg/artifacts/2139c4c6/compilers.arm.arm.none.eabi.gcc/14.3.1/bin/../lib/gcc/arm-none-eabi/14.3.1/../../../../arm-none-eabi/lib/thumb/v7e-m+fp/hard\libc_nano.a(libc_a-fstatr.o)
                0x00001f1c                _fstat_r
 .text._isatty_r
                0x00001f40       0x20 c:/Users/Wright/.vcpkg/artifacts/2139c4c6/compilers.arm.arm.none.eabi.gcc/14.3.1/bin/../lib/gcc/arm-none-eabi/14.3.1/../../../../arm-none-eabi/lib/thumb/v7e-m+fp/hard\libc_nano.a(libc_a-isattyr.o)
                0x00001f40                _isatty_r
 .text._sbrk    0x00001f60       0x1c c:/Users/Wright/.vcpkg/artifacts/2139c4c6/compilers.arm.arm.none.eabi.gcc/14.3.1/bin/../lib/gcc/arm-none-eabi/14.3.1/../../../../arm-none-eabi/lib/thumb/v7e-m+fp/hard\libnosys.a(sbrk.o)
                0x00001f60                _sbrk
 .text._exit    0x00001f7c        0x4 c:/Users/Wright/.vcpkg/artifacts/2139c4c6/compilers.arm.arm.none.eabi.gcc/14.3.1/bin/../lib/gcc/arm-none-eabi/14.3.1/../../../../arm-none-eabi/lib/thumb/v7e-m+fp/hard\libnosys.a(_exit.o)
                0x00001f7c                _exit
 *(.init)
 .init          0x00001f80        0x4 c:/Users/Wright/.vcpkg/artifacts/2139c4c6/compilers.arm.arm.none.eabi.gcc/14.3.1/bin/../lib/gcc/arm-none-eabi/14.3.1/thumb/v7e-m+fp/hard/crti.o
                0x00001f80                _init
 .init          0x00001f84        0x8 c:/Users/Wright/.vcpkg/artifacts/2139c4c6/compilers.arm.arm.none.eabi.gcc/14.3.1/bin/../lib/gcc/arm-none-eabi/14.3.1/thumb/v7e-m+fp/hard/crtn.o
 *(.fini)
 .fini          0x00001f8c        0x4 c:/Users/Wright/.vcpkg/artifacts/2139c4c6/compilers.arm.arm.none.eabi.gcc/14.3.1/bin/../lib/gcc/arm-none-eabi/14.3.1/thumb/v7e-m+fp/hard/crti.o
                0x00001f8c                _fini
 .fini          0x00001f90        0x8 c:/Users/Wright/.vcpkg/artifacts/2139c4c6/compilers.arm.arm.none.eabi.gcc/14.3.1/bin/../lib/gcc/arm-none-eabi/14.3.1/thumb/v7e-m+fp/hard/crtn.o
 *crtbegin.o(.ctors)
 *crtbegin?.o(.ctors)
 *(EXCLUDE_FILE(*crtend.o *crtend?.o) .ctors)
 *(SORT_BY_NAME(.ctors.*))
 *(.ctors)
 *crtbegin.o(.dtors)
 *crtbegin?.o(.dtors)
 *(EXCLUDE_FILE(*crtend.o *crtend?.o) .dtors)
 *(SORT_BY_NAME(.dtors.*))
 *(.dtors)
 *(.rodata*)
 .rodata.ProcessHardFault.str1.4
                0x00001f98      0x2ac CMakeFiles/Group_Library.dir/D_/Nuvoton/M480_SmartBox/Library/StdDriver/src/retarget.c.obj
                                0x120 (size before relaxing)
 .rodata        0x00002244       0x10 CMakeFiles/Group_Library.dir/D_/Nuvoton/M480_SmartBox/Library/StdDriver/src/uart.c.obj
 .rodata.main.str1.4
                0x00002254      0x18c CMakeFiles/Group_User.dir/D_/Nuvoton/M480_SmartBox/SampleCode/Smart_Box/main.c.obj
 .rodata        0x00002254       0x3c CMakeFiles/Group_User.dir/D_/Nuvoton/M480_SmartBox/SampleCode/Smart_Box/main.c.obj
 .rodata._vfprintf_r.str1.1
                0x00002290       0x33 c:/Users/Wright/.vcpkg/artifacts/2139c4c6/compilers.arm.arm.none.eabi.gcc/14.3.1/bin/../lib/gcc/arm-none-eabi/14.3.1/../../../../arm-none-eabi/lib/thumb/v7e-m+fp/hard\libc_nano.a(libc_a-nano-vfprintf.o)
                                 0x11 (size before relaxing)
 .rodata._printf_i.str1.1
                0x000022c3       0x22 c:/Users/Wright/.vcpkg/artifacts/2139c4c6/compilers.arm.arm.none.eabi.gcc/14.3.1/bin/../lib/gcc/arm-none-eabi/14.3.1/../../../../arm-none-eabi/lib/thumb/v7e-m+fp/hard\libc_nano.a(libc_a-nano-vfprintf_i.o)
 *(.eh_frame*)
 *fill*         0x000022c3        0x1 
 .eh_frame      0x000022c4        0x0 c:/Users/Wright/.vcpkg/artifacts/2139c4c6/compilers.arm.arm.none.eabi.gcc/14.3.1/bin/../lib/gcc/arm-none-eabi/14.3.1/thumb/v7e-m+fp/hard/crtbegin.o
 .eh_frame      0x000022c4        0x4 c:/Users/Wright/.vcpkg/artifacts/2139c4c6/compilers.arm.arm.none.eabi.gcc/14.3.1/bin/../lib/gcc/arm-none-eabi/14.3.1/thumb/v7e-m+fp/hard/crtend.o

.glue_7         0x000022c8        0x0
 .glue_7        0x000022c8        0x0 linker stubs

.glue_7t        0x000022c8        0x0
 .glue_7t       0x000022c8        0x0 linker stubs

.vfp11_veneer   0x000022c8        0x0
 .vfp11_veneer  0x000022c8        0x0 linker stubs

.v4_bx          0x000022c8        0x0
 .v4_bx         0x000022c8        0x0 linker stubs

.iplt           0x000022c8        0x0
 .iplt          0x000022c8        0x0 c:/Users/Wright/.vcpkg/artifacts/2139c4c6/compilers.arm.arm.none.eabi.gcc/14.3.1/bin/../lib/gcc/arm-none-eabi/14.3.1/thumb/v7e-m+fp/hard/crtbegin.o

.ARM.extab
 *(.ARM.extab* .gnu.linkonce.armextab.*)
                0x000022c8                        __exidx_start = .

.ARM.exidx      0x000022c8        0x8
 *(.ARM.exidx* .gnu.linkonce.armexidx.*)
 .ARM.exidx     0x000022c8        0x8 c:/Users/Wright/.vcpkg/artifacts/2139c4c6/compilers.arm.arm.none.eabi.gcc/14.3.1/bin/../lib/gcc/arm-none-eabi/14.3.1/../../../../arm-none-eabi/lib/thumb/v7e-m+fp/hard/crt0.o
                                 0x10 (size before relaxing)
 .ARM.exidx     0x000022d0        0x0 c:/Users/Wright/.vcpkg/artifacts/2139c4c6/compilers.arm.arm.none.eabi.gcc/14.3.1/bin/../lib/gcc/arm-none-eabi/14.3.1/../../../../arm-none-eabi/lib/thumb/v7e-m+fp/hard\libc_nano.a(libc_a-memchr.o)
                                  0x8 (size before relaxing)
                0x000022d0                        __exidx_end = .
                0x000022d0                        __etext = .

.rel.dyn        0x000022d0        0x0
 .rel.iplt      0x000022d0        0x0 c:/Users/Wright/.vcpkg/artifacts/2139c4c6/compilers.arm.arm.none.eabi.gcc/14.3.1/bin/../lib/gcc/arm-none-eabi/14.3.1/thumb/v7e-m+fp/hard/crtbegin.o

.data           0x20000000       0x90 load address 0x000022d0
                0x20000000                        __data_start__ = .
 *(vtable)
 *(.data*)
 .data.gau32ClkSrcTbl
                0x20000000       0x20 CMakeFiles/Group_CMSIS.dir/D_/Nuvoton/M480_SmartBox/Library/Device/Nuvoton/M480/Source/system_M480.c.obj
                0x20000000                gau32ClkSrcTbl
 .data.PllClock
                0x20000020        0x4 CMakeFiles/Group_CMSIS.dir/D_/Nuvoton/M480_SmartBox/Library/Device/Nuvoton/M480/Source/system_M480.c.obj
                0x20000020                PllClock
 .data.CyclesPerUs
                0x20000024        0x4 CMakeFiles/Group_CMSIS.dir/D_/Nuvoton/M480_SmartBox/Library/Device/Nuvoton/M480/Source/system_M480.c.obj
                0x20000024                CyclesPerUs
 .data.SystemCoreClock
                0x20000028        0x4 CMakeFiles/Group_CMSIS.dir/D_/Nuvoton/M480_SmartBox/Library/Device/Nuvoton/M480/Source/system_M480.c.obj
                0x20000028                SystemCoreClock
 .data.__sglue  0x2000002c        0xc c:/Users/Wright/.vcpkg/artifacts/2139c4c6/compilers.arm.arm.none.eabi.gcc/14.3.1/bin/../lib/gcc/arm-none-eabi/14.3.1/../../../../arm-none-eabi/lib/thumb/v7e-m+fp/hard\libc_nano.a(libc_a-findfp.o)
                0x2000002c                __sglue
 .data._impure_ptr
                0x20000038        0x4 c:/Users/Wright/.vcpkg/artifacts/2139c4c6/compilers.arm.arm.none.eabi.gcc/14.3.1/bin/../lib/gcc/arm-none-eabi/14.3.1/../../../../arm-none-eabi/lib/thumb/v7e-m+fp/hard\libc_nano.a(libc_a-impure.o)
                0x20000038                _impure_ptr
 .data._impure_data
                0x2000003c       0x4c c:/Users/Wright/.vcpkg/artifacts/2139c4c6/compilers.arm.arm.none.eabi.gcc/14.3.1/bin/../lib/gcc/arm-none-eabi/14.3.1/../../../../arm-none-eabi/lib/thumb/v7e-m+fp/hard\libc_nano.a(libc_a-impure.o)
                0x2000003c                _impure_data
                0x20000088                        . = ALIGN (0x4)
                0x20000088                        PROVIDE (__preinit_array_start = .)
 *(.preinit_array)
                0x20000088                        PROVIDE (__preinit_array_end = .)
                0x20000088                        . = ALIGN (0x4)
                0x20000088                        PROVIDE (__init_array_start = .)
 *(SORT_BY_NAME(.init_array.*))
 *(.init_array)
 .init_array    0x20000088        0x4 c:/Users/Wright/.vcpkg/artifacts/2139c4c6/compilers.arm.arm.none.eabi.gcc/14.3.1/bin/../lib/gcc/arm-none-eabi/14.3.1/thumb/v7e-m+fp/hard/crtbegin.o
                0x2000008c                        PROVIDE (__init_array_end = .)
                0x2000008c                        . = ALIGN (0x4)
                [!provide]                        PROVIDE (__fini_array_start = .)
 *(SORT_BY_NAME(.fini_array.*))
 *(.fini_array)
 .fini_array    0x2000008c        0x4 c:/Users/Wright/.vcpkg/artifacts/2139c4c6/compilers.arm.arm.none.eabi.gcc/14.3.1/bin/../lib/gcc/arm-none-eabi/14.3.1/thumb/v7e-m+fp/hard/crtbegin.o
                [!provide]                        PROVIDE (__fini_array_end = .)
 *(.jcr*)
                0x20000090                        . = ALIGN (0x4)
                0x20000090                        __data_end__ = .

.tm_clone_table
                0x20000090        0x0 load address 0x00002360
 .tm_clone_table
                0x20000090        0x0 c:/Users/Wright/.vcpkg/artifacts/2139c4c6/compilers.arm.arm.none.eabi.gcc/14.3.1/bin/../lib/gcc/arm-none-eabi/14.3.1/thumb/v7e-m+fp/hard/crtbegin.o
 .tm_clone_table
                0x20000090        0x0 c:/Users/Wright/.vcpkg/artifacts/2139c4c6/compilers.arm.arm.none.eabi.gcc/14.3.1/bin/../lib/gcc/arm-none-eabi/14.3.1/thumb/v7e-m+fp/hard/crtend.o

.igot.plt       0x20000090        0x0 load address 0x00002360
 .igot.plt      0x20000090        0x0 c:/Users/Wright/.vcpkg/artifacts/2139c4c6/compilers.arm.arm.none.eabi.gcc/14.3.1/bin/../lib/gcc/arm-none-eabi/14.3.1/thumb/v7e-m+fp/hard/crtbegin.o

.bss            0x20000090      0x1e4 load address 0x00002360
                0x20000090                        . = ALIGN (0x4)
                0x20000090                        __bss_start__ = .
 *(.bss*)
 .bss.completed.1
                0x20000090        0x1 c:/Users/Wright/.vcpkg/artifacts/2139c4c6/compilers.arm.arm.none.eabi.gcc/14.3.1/bin/../lib/gcc/arm-none-eabi/14.3.1/thumb/v7e-m+fp/hard/crtbegin.o
 *fill*         0x20000091        0x3 
 .bss.object.0  0x20000094       0x18 c:/Users/Wright/.vcpkg/artifacts/2139c4c6/compilers.arm.arm.none.eabi.gcc/14.3.1/bin/../lib/gcc/arm-none-eabi/14.3.1/thumb/v7e-m+fp/hard/crtbegin.o
 .bss.g_CLK_i32ErrCode
                0x200000ac        0x4 CMakeFiles/Group_Library.dir/D_/Nuvoton/M480_SmartBox/Library/StdDriver/src/clk.c.obj
                0x200000ac                g_CLK_i32ErrCode
 .bss.last_print_time.0
                0x200000b0        0x4 CMakeFiles/Group_User.dir/D_/Nuvoton/M480_SmartBox/SampleCode/Smart_Box/main.c.obj
 .bss.led_manager
                0x200000b4        0xc CMakeFiles/Group_User.dir/D_/Nuvoton/M480_SmartBox/SampleCode/Smart_Box/main.c.obj
                0x200000b4                led_manager
 .bss.led_controllers
                0x200000c0       0x60 CMakeFiles/Group_User.dir/D_/Nuvoton/M480_SmartBox/SampleCode/Smart_Box/main.c.obj
                0x200000c0                led_controllers
 .bss.g_systick_ms
                0x20000120        0x4 CMakeFiles/Group_User.dir/D_/Nuvoton/M480_SmartBox/SampleCode/Smart_Box/main.c.obj
                0x20000120                g_systick_ms
 .bss.__sf      0x20000124      0x138 c:/Users/Wright/.vcpkg/artifacts/2139c4c6/compilers.arm.arm.none.eabi.gcc/14.3.1/bin/../lib/gcc/arm-none-eabi/14.3.1/../../../../arm-none-eabi/lib/thumb/v7e-m+fp/hard\libc_nano.a(libc_a-findfp.o)
                0x20000124                __sf
 .bss.__stdio_exit_handler
                0x2000025c        0x4 c:/Users/Wright/.vcpkg/artifacts/2139c4c6/compilers.arm.arm.none.eabi.gcc/14.3.1/bin/../lib/gcc/arm-none-eabi/14.3.1/../../../../arm-none-eabi/lib/thumb/v7e-m+fp/hard\libc_nano.a(libc_a-findfp.o)
                0x2000025c                __stdio_exit_handler
 .bss.errno     0x20000260        0x4 c:/Users/Wright/.vcpkg/artifacts/2139c4c6/compilers.arm.arm.none.eabi.gcc/14.3.1/bin/../lib/gcc/arm-none-eabi/14.3.1/../../../../arm-none-eabi/lib/thumb/v7e-m+fp/hard\libc_nano.a(libc_a-reent.o)
                0x20000260                errno
 .bss.__lock___malloc_recursive_mutex
                0x20000264        0x1 c:/Users/Wright/.vcpkg/artifacts/2139c4c6/compilers.arm.arm.none.eabi.gcc/14.3.1/bin/../lib/gcc/arm-none-eabi/14.3.1/../../../../arm-none-eabi/lib/thumb/v7e-m+fp/hard\libc_nano.a(libc_a-lock.o)
                0x20000264                __lock___malloc_recursive_mutex
 .bss.__lock___sfp_recursive_mutex
                0x20000265        0x1 c:/Users/Wright/.vcpkg/artifacts/2139c4c6/compilers.arm.arm.none.eabi.gcc/14.3.1/bin/../lib/gcc/arm-none-eabi/14.3.1/../../../../arm-none-eabi/lib/thumb/v7e-m+fp/hard\libc_nano.a(libc_a-lock.o)
                0x20000265                __lock___sfp_recursive_mutex
 *fill*         0x20000266        0x2 
 .bss.__malloc_sbrk_start
                0x20000268        0x4 c:/Users/Wright/.vcpkg/artifacts/2139c4c6/compilers.arm.arm.none.eabi.gcc/14.3.1/bin/../lib/gcc/arm-none-eabi/14.3.1/../../../../arm-none-eabi/lib/thumb/v7e-m+fp/hard\libc_nano.a(libc_a-mallocr.o)
                0x20000268                __malloc_sbrk_start
 .bss.__malloc_free_list
                0x2000026c        0x4 c:/Users/Wright/.vcpkg/artifacts/2139c4c6/compilers.arm.arm.none.eabi.gcc/14.3.1/bin/../lib/gcc/arm-none-eabi/14.3.1/../../../../arm-none-eabi/lib/thumb/v7e-m+fp/hard\libc_nano.a(libc_a-mallocr.o)
                0x2000026c                __malloc_free_list
 .bss.heap_end.0
                0x20000270        0x4 c:/Users/Wright/.vcpkg/artifacts/2139c4c6/compilers.arm.arm.none.eabi.gcc/14.3.1/bin/../lib/gcc/arm-none-eabi/14.3.1/../../../../arm-none-eabi/lib/thumb/v7e-m+fp/hard\libnosys.a(sbrk.o)
 *(COMMON)
                0x20000274                        . = ALIGN (0x4)
                0x20000274                        __bss_end__ = .

.heap           0x20000278      0x100
                0x20000278                        __HeapBase = .
                0x20000278                        __end__ = .
                0x20000278                        end = __end__
 *(.heap*)
 .heap          0x20000278      0x100 CMakeFiles/Group_CMSIS.dir/D_/Nuvoton/M480_SmartBox/Library/Device/Nuvoton/M480/Source/GCC/startup_M480.S.obj
                0x20000378                        __HeapLimit = .

.stack_dummy    0x20000278      0x800
 *(.stack*)
 .stack         0x20000278      0x800 CMakeFiles/Group_CMSIS.dir/D_/Nuvoton/M480_SmartBox/Library/Device/Nuvoton/M480/Source/GCC/startup_M480.S.obj
                0x20020000                        __StackTop = (ORIGIN (RAM) + LENGTH (RAM))
                0x2001f800                        __StackLimit = (__StackTop - SIZEOF (.stack_dummy))
                0x20020000                        PROVIDE (__stack = __StackTop)
                0x00000001                        ASSERT ((__StackLimit >= __HeapLimit), region RAM overflowed with stack)
OUTPUT(D:\Nuvoton\M480_SmartBox\SampleCode\Smart_Box\VSCode\out\Smart_Box\GNUC\debug\Smart_Box.elf elf32-littlearm)
LOAD linker stubs

.ARM.attributes
                0x00000000       0x30
 .ARM.attributes
                0x00000000       0x22 c:/Users/Wright/.vcpkg/artifacts/2139c4c6/compilers.arm.arm.none.eabi.gcc/14.3.1/bin/../lib/gcc/arm-none-eabi/14.3.1/thumb/v7e-m+fp/hard/crti.o
 .ARM.attributes
                0x00000022       0x34 c:/Users/Wright/.vcpkg/artifacts/2139c4c6/compilers.arm.arm.none.eabi.gcc/14.3.1/bin/../lib/gcc/arm-none-eabi/14.3.1/thumb/v7e-m+fp/hard/crtbegin.o
 .ARM.attributes
                0x00000056       0x20 c:/Users/Wright/.vcpkg/artifacts/2139c4c6/compilers.arm.arm.none.eabi.gcc/14.3.1/bin/../lib/gcc/arm-none-eabi/14.3.1/../../../../arm-none-eabi/lib/thumb/v7e-m+fp/hard/crt0.o
 .ARM.attributes
                0x00000076       0x1f CMakeFiles/Group_CMSIS.dir/D_/Nuvoton/M480_SmartBox/Library/Device/Nuvoton/M480/Source/GCC/startup_M480.S.obj
 .ARM.attributes
                0x00000095       0x34 CMakeFiles/Group_CMSIS.dir/D_/Nuvoton/M480_SmartBox/Library/Device/Nuvoton/M480/Source/system_M480.c.obj
 .ARM.attributes
                0x000000c9       0x34 CMakeFiles/Group_Library.dir/D_/Nuvoton/M480_SmartBox/Library/StdDriver/src/retarget.c.obj
 .ARM.attributes
                0x000000fd       0x34 CMakeFiles/Group_Library.dir/D_/Nuvoton/M480_SmartBox/Library/StdDriver/src/uart.c.obj
 .ARM.attributes
                0x00000131       0x34 CMakeFiles/Group_Library.dir/D_/Nuvoton/M480_SmartBox/Library/StdDriver/src/clk.c.obj
 .ARM.attributes
                0x00000165       0x34 CMakeFiles/Group_Library.dir/D_/Nuvoton/M480_SmartBox/Library/StdDriver/src/gpio.c.obj
 .ARM.attributes
                0x00000199       0x34 CMakeFiles/Group_User.dir/D_/Nuvoton/M480_SmartBox/SampleCode/Smart_Box/main.c.obj
 .ARM.attributes
                0x000001cd       0x34 CMakeFiles/Group_User.dir/D_/Nuvoton/M480_SmartBox/SampleCode/Smart_Box/led_controller.c.obj
 .ARM.attributes
                0x00000201       0x34 c:/Users/Wright/.vcpkg/artifacts/2139c4c6/compilers.arm.arm.none.eabi.gcc/14.3.1/bin/../lib/gcc/arm-none-eabi/14.3.1/../../../../arm-none-eabi/lib/thumb/v7e-m+fp/hard\libc_nano.a(libc_a-exit.o)
 .ARM.attributes
                0x00000235       0x34 c:/Users/Wright/.vcpkg/artifacts/2139c4c6/compilers.arm.arm.none.eabi.gcc/14.3.1/bin/../lib/gcc/arm-none-eabi/14.3.1/../../../../arm-none-eabi/lib/thumb/v7e-m+fp/hard\libc_nano.a(libc_a-findfp.o)
 .ARM.attributes
                0x00000269       0x34 c:/Users/Wright/.vcpkg/artifacts/2139c4c6/compilers.arm.arm.none.eabi.gcc/14.3.1/bin/../lib/gcc/arm-none-eabi/14.3.1/../../../../arm-none-eabi/lib/thumb/v7e-m+fp/hard\libc_nano.a(libc_a-fwalk.o)
 .ARM.attributes
                0x0000029d       0x34 c:/Users/Wright/.vcpkg/artifacts/2139c4c6/compilers.arm.arm.none.eabi.gcc/14.3.1/bin/../lib/gcc/arm-none-eabi/14.3.1/../../../../arm-none-eabi/lib/thumb/v7e-m+fp/hard\libc_nano.a(libc_a-printf.o)
 .ARM.attributes
                0x000002d1       0x34 c:/Users/Wright/.vcpkg/artifacts/2139c4c6/compilers.arm.arm.none.eabi.gcc/14.3.1/bin/../lib/gcc/arm-none-eabi/14.3.1/../../../../arm-none-eabi/lib/thumb/v7e-m+fp/hard\libc_nano.a(libc_a-stdio.o)
 .ARM.attributes
                0x00000305       0x34 c:/Users/Wright/.vcpkg/artifacts/2139c4c6/compilers.arm.arm.none.eabi.gcc/14.3.1/bin/../lib/gcc/arm-none-eabi/14.3.1/../../../../arm-none-eabi/lib/thumb/v7e-m+fp/hard\libc_nano.a(libc_a-memset.o)
 .ARM.attributes
                0x00000339       0x34 c:/Users/Wright/.vcpkg/artifacts/2139c4c6/compilers.arm.arm.none.eabi.gcc/14.3.1/bin/../lib/gcc/arm-none-eabi/14.3.1/../../../../arm-none-eabi/lib/thumb/v7e-m+fp/hard\libc_nano.a(libc_a-closer.o)
 .ARM.attributes
                0x0000036d       0x34 c:/Users/Wright/.vcpkg/artifacts/2139c4c6/compilers.arm.arm.none.eabi.gcc/14.3.1/bin/../lib/gcc/arm-none-eabi/14.3.1/../../../../arm-none-eabi/lib/thumb/v7e-m+fp/hard\libc_nano.a(libc_a-reent.o)
 .ARM.attributes
                0x000003a1       0x34 c:/Users/Wright/.vcpkg/artifacts/2139c4c6/compilers.arm.arm.none.eabi.gcc/14.3.1/bin/../lib/gcc/arm-none-eabi/14.3.1/../../../../arm-none-eabi/lib/thumb/v7e-m+fp/hard\libc_nano.a(libc_a-impure.o)
 .ARM.attributes
                0x000003d5       0x34 c:/Users/Wright/.vcpkg/artifacts/2139c4c6/compilers.arm.arm.none.eabi.gcc/14.3.1/bin/../lib/gcc/arm-none-eabi/14.3.1/../../../../arm-none-eabi/lib/thumb/v7e-m+fp/hard\libc_nano.a(libc_a-lseekr.o)
 .ARM.attributes
                0x00000409       0x34 c:/Users/Wright/.vcpkg/artifacts/2139c4c6/compilers.arm.arm.none.eabi.gcc/14.3.1/bin/../lib/gcc/arm-none-eabi/14.3.1/../../../../arm-none-eabi/lib/thumb/v7e-m+fp/hard\libc_nano.a(libc_a-readr.o)
 .ARM.attributes
                0x0000043d       0x34 c:/Users/Wright/.vcpkg/artifacts/2139c4c6/compilers.arm.arm.none.eabi.gcc/14.3.1/bin/../lib/gcc/arm-none-eabi/14.3.1/../../../../arm-none-eabi/lib/thumb/v7e-m+fp/hard\libc_nano.a(libc_a-writer.o)
 .ARM.attributes
                0x00000471       0x34 c:/Users/Wright/.vcpkg/artifacts/2139c4c6/compilers.arm.arm.none.eabi.gcc/14.3.1/bin/../lib/gcc/arm-none-eabi/14.3.1/../../../../arm-none-eabi/lib/thumb/v7e-m+fp/hard\libc_nano.a(libc_a-init.o)
 .ARM.attributes
                0x000004a5       0x34 c:/Users/Wright/.vcpkg/artifacts/2139c4c6/compilers.arm.arm.none.eabi.gcc/14.3.1/bin/../lib/gcc/arm-none-eabi/14.3.1/../../../../arm-none-eabi/lib/thumb/v7e-m+fp/hard\libc_nano.a(libc_a-lock.o)
 .ARM.attributes
                0x000004d9       0x34 c:/Users/Wright/.vcpkg/artifacts/2139c4c6/compilers.arm.arm.none.eabi.gcc/14.3.1/bin/../lib/gcc/arm-none-eabi/14.3.1/../../../../arm-none-eabi/lib/thumb/v7e-m+fp/hard\libc_nano.a(libc_a-freer.o)
 .ARM.attributes
                0x0000050d       0x34 c:/Users/Wright/.vcpkg/artifacts/2139c4c6/compilers.arm.arm.none.eabi.gcc/14.3.1/bin/../lib/gcc/arm-none-eabi/14.3.1/../../../../arm-none-eabi/lib/thumb/v7e-m+fp/hard\libc_nano.a(libc_a-mallocr.o)
 .ARM.attributes
                0x00000541       0x34 c:/Users/Wright/.vcpkg/artifacts/2139c4c6/compilers.arm.arm.none.eabi.gcc/14.3.1/bin/../lib/gcc/arm-none-eabi/14.3.1/../../../../arm-none-eabi/lib/thumb/v7e-m+fp/hard\libc_nano.a(libc_a-mlock.o)
 .ARM.attributes
                0x00000575       0x34 c:/Users/Wright/.vcpkg/artifacts/2139c4c6/compilers.arm.arm.none.eabi.gcc/14.3.1/bin/../lib/gcc/arm-none-eabi/14.3.1/../../../../arm-none-eabi/lib/thumb/v7e-m+fp/hard\libc_nano.a(libc_a-nano-vfprintf.o)
 .ARM.attributes
                0x000005a9       0x34 c:/Users/Wright/.vcpkg/artifacts/2139c4c6/compilers.arm.arm.none.eabi.gcc/14.3.1/bin/../lib/gcc/arm-none-eabi/14.3.1/../../../../arm-none-eabi/lib/thumb/v7e-m+fp/hard\libc_nano.a(libc_a-nano-vfprintf_i.o)
 .ARM.attributes
                0x000005dd       0x34 c:/Users/Wright/.vcpkg/artifacts/2139c4c6/compilers.arm.arm.none.eabi.gcc/14.3.1/bin/../lib/gcc/arm-none-eabi/14.3.1/../../../../arm-none-eabi/lib/thumb/v7e-m+fp/hard\libc_nano.a(libc_a-fflush.o)
 .ARM.attributes
                0x00000611       0x34 c:/Users/Wright/.vcpkg/artifacts/2139c4c6/compilers.arm.arm.none.eabi.gcc/14.3.1/bin/../lib/gcc/arm-none-eabi/14.3.1/../../../../arm-none-eabi/lib/thumb/v7e-m+fp/hard\libc_nano.a(libc_a-wbuf.o)
 .ARM.attributes
                0x00000645       0x34 c:/Users/Wright/.vcpkg/artifacts/2139c4c6/compilers.arm.arm.none.eabi.gcc/14.3.1/bin/../lib/gcc/arm-none-eabi/14.3.1/../../../../arm-none-eabi/lib/thumb/v7e-m+fp/hard\libc_nano.a(libc_a-wsetup.o)
 .ARM.attributes
                0x00000679       0x34 c:/Users/Wright/.vcpkg/artifacts/2139c4c6/compilers.arm.arm.none.eabi.gcc/14.3.1/bin/../lib/gcc/arm-none-eabi/14.3.1/../../../../arm-none-eabi/lib/thumb/v7e-m+fp/hard\libc_nano.a(libc_a-sbrkr.o)
 .ARM.attributes
                0x000006ad       0x1c c:/Users/Wright/.vcpkg/artifacts/2139c4c6/compilers.arm.arm.none.eabi.gcc/14.3.1/bin/../lib/gcc/arm-none-eabi/14.3.1/../../../../arm-none-eabi/lib/thumb/v7e-m+fp/hard\libc_nano.a(libc_a-memchr.o)
 .ARM.attributes
                0x000006c9       0x34 c:/Users/Wright/.vcpkg/artifacts/2139c4c6/compilers.arm.arm.none.eabi.gcc/14.3.1/bin/../lib/gcc/arm-none-eabi/14.3.1/../../../../arm-none-eabi/lib/thumb/v7e-m+fp/hard\libc_nano.a(libc_a-makebuf.o)
 .ARM.attributes
                0x000006fd       0x34 c:/Users/Wright/.vcpkg/artifacts/2139c4c6/compilers.arm.arm.none.eabi.gcc/14.3.1/bin/../lib/gcc/arm-none-eabi/14.3.1/../../../../arm-none-eabi/lib/thumb/v7e-m+fp/hard\libc_nano.a(libc_a-fstatr.o)
 .ARM.attributes
                0x00000731       0x34 c:/Users/Wright/.vcpkg/artifacts/2139c4c6/compilers.arm.arm.none.eabi.gcc/14.3.1/bin/../lib/gcc/arm-none-eabi/14.3.1/../../../../arm-none-eabi/lib/thumb/v7e-m+fp/hard\libc_nano.a(libc_a-isattyr.o)
 .ARM.attributes
                0x00000765       0x34 c:/Users/Wright/.vcpkg/artifacts/2139c4c6/compilers.arm.arm.none.eabi.gcc/14.3.1/bin/../lib/gcc/arm-none-eabi/14.3.1/thumb/v7e-m+fp/hard/crtend.o
 .ARM.attributes
                0x00000799       0x22 c:/Users/Wright/.vcpkg/artifacts/2139c4c6/compilers.arm.arm.none.eabi.gcc/14.3.1/bin/../lib/gcc/arm-none-eabi/14.3.1/thumb/v7e-m+fp/hard/crtn.o
 .ARM.attributes
                0x000007bb       0x34 c:/Users/Wright/.vcpkg/artifacts/2139c4c6/compilers.arm.arm.none.eabi.gcc/14.3.1/bin/../lib/gcc/arm-none-eabi/14.3.1/../../../../arm-none-eabi/lib/thumb/v7e-m+fp/hard\libnosys.a(sbrk.o)
 .ARM.attributes
                0x000007ef       0x34 c:/Users/Wright/.vcpkg/artifacts/2139c4c6/compilers.arm.arm.none.eabi.gcc/14.3.1/bin/../lib/gcc/arm-none-eabi/14.3.1/../../../../arm-none-eabi/lib/thumb/v7e-m+fp/hard\libnosys.a(_exit.o)

.comment        0x00000000       0x46
 .comment       0x00000000       0x46 CMakeFiles/Group_CMSIS.dir/D_/Nuvoton/M480_SmartBox/Library/Device/Nuvoton/M480/Source/system_M480.c.obj
                                 0x47 (size before relaxing)
 .comment       0x00000046       0x47 CMakeFiles/Group_Library.dir/D_/Nuvoton/M480_SmartBox/Library/StdDriver/src/retarget.c.obj
 .comment       0x00000046       0x47 CMakeFiles/Group_Library.dir/D_/Nuvoton/M480_SmartBox/Library/StdDriver/src/uart.c.obj
 .comment       0x00000046       0x47 CMakeFiles/Group_Library.dir/D_/Nuvoton/M480_SmartBox/Library/StdDriver/src/clk.c.obj
 .comment       0x00000046       0x47 CMakeFiles/Group_Library.dir/D_/Nuvoton/M480_SmartBox/Library/StdDriver/src/gpio.c.obj
 .comment       0x00000046       0x47 CMakeFiles/Group_User.dir/D_/Nuvoton/M480_SmartBox/SampleCode/Smart_Box/main.c.obj
 .comment       0x00000046       0x47 CMakeFiles/Group_User.dir/D_/Nuvoton/M480_SmartBox/SampleCode/Smart_Box/led_controller.c.obj

.debug_line_str
                0x00000000      0x1bf
 .debug_line_str
                0x00000000      0x1bf c:/Users/Wright/.vcpkg/artifacts/2139c4c6/compilers.arm.arm.none.eabi.gcc/14.3.1/bin/../lib/gcc/arm-none-eabi/14.3.1/../../../../arm-none-eabi/lib/thumb/v7e-m+fp/hard/crt0.o
                                 0xda (size before relaxing)
 .debug_line_str
                0x000001bf       0xe5 c:/Users/Wright/.vcpkg/artifacts/2139c4c6/compilers.arm.arm.none.eabi.gcc/14.3.1/bin/../lib/gcc/arm-none-eabi/14.3.1/../../../../arm-none-eabi/lib/thumb/v7e-m+fp/hard\libc_nano.a(libc_a-memchr.o)

.debug_info     0x00000000     0x5c55
 .debug_info    0x00000000      0xa93 CMakeFiles/Group_CMSIS.dir/D_/Nuvoton/M480_SmartBox/Library/Device/Nuvoton/M480/Source/system_M480.c.obj
 .debug_info    0x00000a93     0x11b5 CMakeFiles/Group_Library.dir/D_/Nuvoton/M480_SmartBox/Library/StdDriver/src/retarget.c.obj
 .debug_info    0x00001c48      0xd6e CMakeFiles/Group_Library.dir/D_/Nuvoton/M480_SmartBox/Library/StdDriver/src/uart.c.obj
 .debug_info    0x000029b6     0x1310 CMakeFiles/Group_Library.dir/D_/Nuvoton/M480_SmartBox/Library/StdDriver/src/clk.c.obj
 .debug_info    0x00003cc6      0x2f0 CMakeFiles/Group_Library.dir/D_/Nuvoton/M480_SmartBox/Library/StdDriver/src/gpio.c.obj
 .debug_info    0x00003fb6     0x164e CMakeFiles/Group_User.dir/D_/Nuvoton/M480_SmartBox/SampleCode/Smart_Box/main.c.obj
 .debug_info    0x00005604      0x651 CMakeFiles/Group_User.dir/D_/Nuvoton/M480_SmartBox/SampleCode/Smart_Box/led_controller.c.obj

.debug_abbrev   0x00000000      0xf30
 .debug_abbrev  0x00000000      0x1b0 CMakeFiles/Group_CMSIS.dir/D_/Nuvoton/M480_SmartBox/Library/Device/Nuvoton/M480/Source/system_M480.c.obj
 .debug_abbrev  0x000001b0      0x2cb CMakeFiles/Group_Library.dir/D_/Nuvoton/M480_SmartBox/Library/StdDriver/src/retarget.c.obj
 .debug_abbrev  0x0000047b      0x1e6 CMakeFiles/Group_Library.dir/D_/Nuvoton/M480_SmartBox/Library/StdDriver/src/uart.c.obj
 .debug_abbrev  0x00000661      0x2c0 CMakeFiles/Group_Library.dir/D_/Nuvoton/M480_SmartBox/Library/StdDriver/src/clk.c.obj
 .debug_abbrev  0x00000921      0x102 CMakeFiles/Group_Library.dir/D_/Nuvoton/M480_SmartBox/Library/StdDriver/src/gpio.c.obj
 .debug_abbrev  0x00000a23      0x394 CMakeFiles/Group_User.dir/D_/Nuvoton/M480_SmartBox/SampleCode/Smart_Box/main.c.obj
 .debug_abbrev  0x00000db7      0x179 CMakeFiles/Group_User.dir/D_/Nuvoton/M480_SmartBox/SampleCode/Smart_Box/led_controller.c.obj

.debug_loc      0x00000000     0x27d7
 .debug_loc     0x00000000       0x3f CMakeFiles/Group_CMSIS.dir/D_/Nuvoton/M480_SmartBox/Library/Device/Nuvoton/M480/Source/system_M480.c.obj
 .debug_loc     0x0000003f      0x5a8 CMakeFiles/Group_Library.dir/D_/Nuvoton/M480_SmartBox/Library/StdDriver/src/retarget.c.obj
 .debug_loc     0x000005e7      0x9d1 CMakeFiles/Group_Library.dir/D_/Nuvoton/M480_SmartBox/Library/StdDriver/src/uart.c.obj
 .debug_loc     0x00000fb8      0xd21 CMakeFiles/Group_Library.dir/D_/Nuvoton/M480_SmartBox/Library/StdDriver/src/clk.c.obj
 .debug_loc     0x00001cd9       0xbf CMakeFiles/Group_Library.dir/D_/Nuvoton/M480_SmartBox/Library/StdDriver/src/gpio.c.obj
 .debug_loc     0x00001d98      0x19e CMakeFiles/Group_User.dir/D_/Nuvoton/M480_SmartBox/SampleCode/Smart_Box/main.c.obj
 .debug_loc     0x00001f36      0x8a1 CMakeFiles/Group_User.dir/D_/Nuvoton/M480_SmartBox/SampleCode/Smart_Box/led_controller.c.obj

.debug_aranges  0x00000000      0x348
 .debug_aranges
                0x00000000       0x28 CMakeFiles/Group_CMSIS.dir/D_/Nuvoton/M480_SmartBox/Library/Device/Nuvoton/M480/Source/system_M480.c.obj
 .debug_aranges
                0x00000028       0xb0 CMakeFiles/Group_Library.dir/D_/Nuvoton/M480_SmartBox/Library/StdDriver/src/retarget.c.obj
 .debug_aranges
                0x000000d8       0x88 CMakeFiles/Group_Library.dir/D_/Nuvoton/M480_SmartBox/Library/StdDriver/src/uart.c.obj
 .debug_aranges
                0x00000160      0x108 CMakeFiles/Group_Library.dir/D_/Nuvoton/M480_SmartBox/Library/StdDriver/src/clk.c.obj
 .debug_aranges
                0x00000268       0x40 CMakeFiles/Group_Library.dir/D_/Nuvoton/M480_SmartBox/Library/StdDriver/src/gpio.c.obj
 .debug_aranges
                0x000002a8       0x40 CMakeFiles/Group_User.dir/D_/Nuvoton/M480_SmartBox/SampleCode/Smart_Box/main.c.obj
 .debug_aranges
                0x000002e8       0x60 CMakeFiles/Group_User.dir/D_/Nuvoton/M480_SmartBox/SampleCode/Smart_Box/led_controller.c.obj

.debug_ranges   0x00000000      0x308
 .debug_ranges  0x00000000       0x18 CMakeFiles/Group_CMSIS.dir/D_/Nuvoton/M480_SmartBox/Library/Device/Nuvoton/M480/Source/system_M480.c.obj
 .debug_ranges  0x00000018       0xa0 CMakeFiles/Group_Library.dir/D_/Nuvoton/M480_SmartBox/Library/StdDriver/src/retarget.c.obj
 .debug_ranges  0x000000b8       0x78 CMakeFiles/Group_Library.dir/D_/Nuvoton/M480_SmartBox/Library/StdDriver/src/uart.c.obj
 .debug_ranges  0x00000130       0xf8 CMakeFiles/Group_Library.dir/D_/Nuvoton/M480_SmartBox/Library/StdDriver/src/clk.c.obj
 .debug_ranges  0x00000228       0x30 CMakeFiles/Group_Library.dir/D_/Nuvoton/M480_SmartBox/Library/StdDriver/src/gpio.c.obj
 .debug_ranges  0x00000258       0x60 CMakeFiles/Group_User.dir/D_/Nuvoton/M480_SmartBox/SampleCode/Smart_Box/main.c.obj
 .debug_ranges  0x000002b8       0x50 CMakeFiles/Group_User.dir/D_/Nuvoton/M480_SmartBox/SampleCode/Smart_Box/led_controller.c.obj

.debug_line     0x00000000     0x3068
 .debug_line    0x00000000      0x341 CMakeFiles/Group_CMSIS.dir/D_/Nuvoton/M480_SmartBox/Library/Device/Nuvoton/M480/Source/system_M480.c.obj
 .debug_line    0x00000341      0x792 CMakeFiles/Group_Library.dir/D_/Nuvoton/M480_SmartBox/Library/StdDriver/src/retarget.c.obj
 .debug_line    0x00000ad3      0x9e7 CMakeFiles/Group_Library.dir/D_/Nuvoton/M480_SmartBox/Library/StdDriver/src/uart.c.obj
 .debug_line    0x000014ba      0xd9d CMakeFiles/Group_Library.dir/D_/Nuvoton/M480_SmartBox/Library/StdDriver/src/clk.c.obj
 .debug_line    0x00002257      0x33f CMakeFiles/Group_Library.dir/D_/Nuvoton/M480_SmartBox/Library/StdDriver/src/gpio.c.obj
 .debug_line    0x00002596      0x53a CMakeFiles/Group_User.dir/D_/Nuvoton/M480_SmartBox/SampleCode/Smart_Box/main.c.obj
 .debug_line    0x00002ad0      0x598 CMakeFiles/Group_User.dir/D_/Nuvoton/M480_SmartBox/SampleCode/Smart_Box/led_controller.c.obj

.debug_str      0x00000000     0x1bd8
 .debug_str     0x00000000     0x1bd8 CMakeFiles/Group_CMSIS.dir/D_/Nuvoton/M480_SmartBox/Library/Device/Nuvoton/M480/Source/system_M480.c.obj
                                0x5f8 (size before relaxing)
 .debug_str     0x00001bd8      0x80c CMakeFiles/Group_Library.dir/D_/Nuvoton/M480_SmartBox/Library/StdDriver/src/retarget.c.obj
 .debug_str     0x00001bd8      0x7a9 CMakeFiles/Group_Library.dir/D_/Nuvoton/M480_SmartBox/Library/StdDriver/src/uart.c.obj
 .debug_str     0x00001bd8      0x9bf CMakeFiles/Group_Library.dir/D_/Nuvoton/M480_SmartBox/Library/StdDriver/src/clk.c.obj
 .debug_str     0x00001bd8      0x2da CMakeFiles/Group_Library.dir/D_/Nuvoton/M480_SmartBox/Library/StdDriver/src/gpio.c.obj
 .debug_str     0x00001bd8      0xe70 CMakeFiles/Group_User.dir/D_/Nuvoton/M480_SmartBox/SampleCode/Smart_Box/main.c.obj
 .debug_str     0x00001bd8      0x4a4 CMakeFiles/Group_User.dir/D_/Nuvoton/M480_SmartBox/SampleCode/Smart_Box/led_controller.c.obj

.debug_frame    0x00000000     0x1028
 .debug_frame   0x00000000       0x38 CMakeFiles/Group_CMSIS.dir/D_/Nuvoton/M480_SmartBox/Library/Device/Nuvoton/M480/Source/system_M480.c.obj
 .debug_frame   0x00000038      0x16c CMakeFiles/Group_Library.dir/D_/Nuvoton/M480_SmartBox/Library/StdDriver/src/retarget.c.obj
 .debug_frame   0x000001a4      0x150 CMakeFiles/Group_Library.dir/D_/Nuvoton/M480_SmartBox/Library/StdDriver/src/uart.c.obj
 .debug_frame   0x000002f4      0x29c CMakeFiles/Group_Library.dir/D_/Nuvoton/M480_SmartBox/Library/StdDriver/src/clk.c.obj
 .debug_frame   0x00000590       0x90 CMakeFiles/Group_Library.dir/D_/Nuvoton/M480_SmartBox/Library/StdDriver/src/gpio.c.obj
 .debug_frame   0x00000620       0x88 CMakeFiles/Group_User.dir/D_/Nuvoton/M480_SmartBox/SampleCode/Smart_Box/main.c.obj
 .debug_frame   0x000006a8      0x118 CMakeFiles/Group_User.dir/D_/Nuvoton/M480_SmartBox/SampleCode/Smart_Box/led_controller.c.obj
 .debug_frame   0x000007c0       0x28 c:/Users/Wright/.vcpkg/artifacts/2139c4c6/compilers.arm.arm.none.eabi.gcc/14.3.1/bin/../lib/gcc/arm-none-eabi/14.3.1/../../../../arm-none-eabi/lib/thumb/v7e-m+fp/hard\libc_nano.a(libc_a-exit.o)
 .debug_frame   0x000007e8      0x144 c:/Users/Wright/.vcpkg/artifacts/2139c4c6/compilers.arm.arm.none.eabi.gcc/14.3.1/bin/../lib/gcc/arm-none-eabi/14.3.1/../../../../arm-none-eabi/lib/thumb/v7e-m+fp/hard\libc_nano.a(libc_a-findfp.o)
 .debug_frame   0x0000092c       0x34 c:/Users/Wright/.vcpkg/artifacts/2139c4c6/compilers.arm.arm.none.eabi.gcc/14.3.1/bin/../lib/gcc/arm-none-eabi/14.3.1/../../../../arm-none-eabi/lib/thumb/v7e-m+fp/hard\libc_nano.a(libc_a-fwalk.o)
 .debug_frame   0x00000960       0x6c c:/Users/Wright/.vcpkg/artifacts/2139c4c6/compilers.arm.arm.none.eabi.gcc/14.3.1/bin/../lib/gcc/arm-none-eabi/14.3.1/../../../../arm-none-eabi/lib/thumb/v7e-m+fp/hard\libc_nano.a(libc_a-printf.o)
 .debug_frame   0x000009cc       0x88 c:/Users/Wright/.vcpkg/artifacts/2139c4c6/compilers.arm.arm.none.eabi.gcc/14.3.1/bin/../lib/gcc/arm-none-eabi/14.3.1/../../../../arm-none-eabi/lib/thumb/v7e-m+fp/hard\libc_nano.a(libc_a-stdio.o)
 .debug_frame   0x00000a54       0x20 c:/Users/Wright/.vcpkg/artifacts/2139c4c6/compilers.arm.arm.none.eabi.gcc/14.3.1/bin/../lib/gcc/arm-none-eabi/14.3.1/../../../../arm-none-eabi/lib/thumb/v7e-m+fp/hard\libc_nano.a(libc_a-memset.o)
 .debug_frame   0x00000a74       0x2c c:/Users/Wright/.vcpkg/artifacts/2139c4c6/compilers.arm.arm.none.eabi.gcc/14.3.1/bin/../lib/gcc/arm-none-eabi/14.3.1/../../../../arm-none-eabi/lib/thumb/v7e-m+fp/hard\libc_nano.a(libc_a-closer.o)
 .debug_frame   0x00000aa0       0x38 c:/Users/Wright/.vcpkg/artifacts/2139c4c6/compilers.arm.arm.none.eabi.gcc/14.3.1/bin/../lib/gcc/arm-none-eabi/14.3.1/../../../../arm-none-eabi/lib/thumb/v7e-m+fp/hard\libc_nano.a(libc_a-reent.o)
 .debug_frame   0x00000ad8       0x2c c:/Users/Wright/.vcpkg/artifacts/2139c4c6/compilers.arm.arm.none.eabi.gcc/14.3.1/bin/../lib/gcc/arm-none-eabi/14.3.1/../../../../arm-none-eabi/lib/thumb/v7e-m+fp/hard\libc_nano.a(libc_a-lseekr.o)
 .debug_frame   0x00000b04       0x2c c:/Users/Wright/.vcpkg/artifacts/2139c4c6/compilers.arm.arm.none.eabi.gcc/14.3.1/bin/../lib/gcc/arm-none-eabi/14.3.1/../../../../arm-none-eabi/lib/thumb/v7e-m+fp/hard\libc_nano.a(libc_a-readr.o)
 .debug_frame   0x00000b30       0x2c c:/Users/Wright/.vcpkg/artifacts/2139c4c6/compilers.arm.arm.none.eabi.gcc/14.3.1/bin/../lib/gcc/arm-none-eabi/14.3.1/../../../../arm-none-eabi/lib/thumb/v7e-m+fp/hard\libc_nano.a(libc_a-writer.o)
 .debug_frame   0x00000b5c       0x2c c:/Users/Wright/.vcpkg/artifacts/2139c4c6/compilers.arm.arm.none.eabi.gcc/14.3.1/bin/../lib/gcc/arm-none-eabi/14.3.1/../../../../arm-none-eabi/lib/thumb/v7e-m+fp/hard\libc_nano.a(libc_a-init.o)
 .debug_frame   0x00000b88       0xb0 c:/Users/Wright/.vcpkg/artifacts/2139c4c6/compilers.arm.arm.none.eabi.gcc/14.3.1/bin/../lib/gcc/arm-none-eabi/14.3.1/../../../../arm-none-eabi/lib/thumb/v7e-m+fp/hard\libc_nano.a(libc_a-lock.o)
 .debug_frame   0x00000c38       0x38 c:/Users/Wright/.vcpkg/artifacts/2139c4c6/compilers.arm.arm.none.eabi.gcc/14.3.1/bin/../lib/gcc/arm-none-eabi/14.3.1/../../../../arm-none-eabi/lib/thumb/v7e-m+fp/hard\libc_nano.a(libc_a-freer.o)
 .debug_frame   0x00000c70       0x50 c:/Users/Wright/.vcpkg/artifacts/2139c4c6/compilers.arm.arm.none.eabi.gcc/14.3.1/bin/../lib/gcc/arm-none-eabi/14.3.1/../../../../arm-none-eabi/lib/thumb/v7e-m+fp/hard\libc_nano.a(libc_a-mallocr.o)
 .debug_frame   0x00000cc0       0x30 c:/Users/Wright/.vcpkg/artifacts/2139c4c6/compilers.arm.arm.none.eabi.gcc/14.3.1/bin/../lib/gcc/arm-none-eabi/14.3.1/../../../../arm-none-eabi/lib/thumb/v7e-m+fp/hard\libc_nano.a(libc_a-mlock.o)
 .debug_frame   0x00000cf0       0xa8 c:/Users/Wright/.vcpkg/artifacts/2139c4c6/compilers.arm.arm.none.eabi.gcc/14.3.1/bin/../lib/gcc/arm-none-eabi/14.3.1/../../../../arm-none-eabi/lib/thumb/v7e-m+fp/hard\libc_nano.a(libc_a-nano-vfprintf.o)
 .debug_frame   0x00000d98       0x60 c:/Users/Wright/.vcpkg/artifacts/2139c4c6/compilers.arm.arm.none.eabi.gcc/14.3.1/bin/../lib/gcc/arm-none-eabi/14.3.1/../../../../arm-none-eabi/lib/thumb/v7e-m+fp/hard\libc_nano.a(libc_a-nano-vfprintf_i.o)
 .debug_frame   0x00000df8       0x5c c:/Users/Wright/.vcpkg/artifacts/2139c4c6/compilers.arm.arm.none.eabi.gcc/14.3.1/bin/../lib/gcc/arm-none-eabi/14.3.1/../../../../arm-none-eabi/lib/thumb/v7e-m+fp/hard\libc_nano.a(libc_a-fflush.o)
 .debug_frame   0x00000e54       0x40 c:/Users/Wright/.vcpkg/artifacts/2139c4c6/compilers.arm.arm.none.eabi.gcc/14.3.1/bin/../lib/gcc/arm-none-eabi/14.3.1/../../../../arm-none-eabi/lib/thumb/v7e-m+fp/hard\libc_nano.a(libc_a-wbuf.o)
 .debug_frame   0x00000e94       0x2c c:/Users/Wright/.vcpkg/artifacts/2139c4c6/compilers.arm.arm.none.eabi.gcc/14.3.1/bin/../lib/gcc/arm-none-eabi/14.3.1/../../../../arm-none-eabi/lib/thumb/v7e-m+fp/hard\libc_nano.a(libc_a-wsetup.o)
 .debug_frame   0x00000ec0       0x2c c:/Users/Wright/.vcpkg/artifacts/2139c4c6/compilers.arm.arm.none.eabi.gcc/14.3.1/bin/../lib/gcc/arm-none-eabi/14.3.1/../../../../arm-none-eabi/lib/thumb/v7e-m+fp/hard\libc_nano.a(libc_a-sbrkr.o)
 .debug_frame   0x00000eec       0x4c c:/Users/Wright/.vcpkg/artifacts/2139c4c6/compilers.arm.arm.none.eabi.gcc/14.3.1/bin/../lib/gcc/arm-none-eabi/14.3.1/../../../../arm-none-eabi/lib/thumb/v7e-m+fp/hard\libc_nano.a(libc_a-memchr.o)
 .debug_frame   0x00000f38       0x58 c:/Users/Wright/.vcpkg/artifacts/2139c4c6/compilers.arm.arm.none.eabi.gcc/14.3.1/bin/../lib/gcc/arm-none-eabi/14.3.1/../../../../arm-none-eabi/lib/thumb/v7e-m+fp/hard\libc_nano.a(libc_a-makebuf.o)
 .debug_frame   0x00000f90       0x2c c:/Users/Wright/.vcpkg/artifacts/2139c4c6/compilers.arm.arm.none.eabi.gcc/14.3.1/bin/../lib/gcc/arm-none-eabi/14.3.1/../../../../arm-none-eabi/lib/thumb/v7e-m+fp/hard\libc_nano.a(libc_a-fstatr.o)
 .debug_frame   0x00000fbc       0x2c c:/Users/Wright/.vcpkg/artifacts/2139c4c6/compilers.arm.arm.none.eabi.gcc/14.3.1/bin/../lib/gcc/arm-none-eabi/14.3.1/../../../../arm-none-eabi/lib/thumb/v7e-m+fp/hard\libc_nano.a(libc_a-isattyr.o)
 .debug_frame   0x00000fe8       0x20 c:/Users/Wright/.vcpkg/artifacts/2139c4c6/compilers.arm.arm.none.eabi.gcc/14.3.1/bin/../lib/gcc/arm-none-eabi/14.3.1/../../../../arm-none-eabi/lib/thumb/v7e-m+fp/hard\libnosys.a(sbrk.o)
 .debug_frame   0x00001008       0x20 c:/Users/Wright/.vcpkg/artifacts/2139c4c6/compilers.arm.arm.none.eabi.gcc/14.3.1/bin/../lib/gcc/arm-none-eabi/14.3.1/../../../../arm-none-eabi/lib/thumb/v7e-m+fp/hard\libnosys.a(_exit.o)
