Component: Arm Compiler for Embedded 6.24 Tool: armlink [5f371500]

==============================================================================

Image Symbol Table

    Local Symbols

    Symbol Name                              Value     Ov Type        Size  Object(Section)

    ../clib/division.s                       0x00000000   Number         0  aeabi_sdiv.o ABSOLUTE
    ../clib/microlib/division.c              0x00000000   Number         0  uidiv.o ABSOLUTE
    ../clib/microlib/division.c              0x00000000   Number         0  uldiv.o ABSOLUTE
    ../clib/microlib/init/entry.s            0x00000000   Number         0  entry.o ABSOLUTE
    ../clib/microlib/init/entry.s            0x00000000   Number         0  entry4.o ABSOLUTE
    ../clib/microlib/init/entry.s            0x00000000   Number         0  entry5.o ABSOLUTE
    ../clib/microlib/init/entry.s            0x00000000   Number         0  entry7a.o ABSOLUTE
    ../clib/microlib/init/entry.s            0x00000000   Number         0  entry7b.o ABSOLUTE
    ../clib/microlib/init/entry.s            0x00000000   Number         0  entry8a.o ABSOLUTE
    ../clib/microlib/init/entry.s            0x00000000   Number         0  entry8b.o ABSOLUTE
    ../clib/microlib/init/entry.s            0x00000000   Number         0  entry9a.o ABSOLUTE
    ../clib/microlib/init/entry.s            0x00000000   Number         0  entry9b.o ABSOLUTE
    ../clib/microlib/init/entry.s            0x00000000   Number         0  entry10a.o ABSOLUTE
    ../clib/microlib/init/entry.s            0x00000000   Number         0  entry10b.o ABSOLUTE
    ../clib/microlib/init/entry.s            0x00000000   Number         0  entry11a.o ABSOLUTE
    ../clib/microlib/init/entry.s            0x00000000   Number         0  entry11b.o ABSOLUTE
    ../clib/microlib/longlong.c              0x00000000   Number         0  llshl.o ABSOLUTE
    ../clib/microlib/longlong.c              0x00000000   Number         0  llushr.o ABSOLUTE
    ../clib/microlib/longlong.c              0x00000000   Number         0  llsshr.o ABSOLUTE
    ../clib/microlib/printf/printf.c         0x00000000   Number         0  printfb.o ABSOLUTE
    ../clib/microlib/printf/printf.c         0x00000000   Number         0  printf0.o ABSOLUTE
    ../clib/microlib/printf/printf.c         0x00000000   Number         0  printf1.o ABSOLUTE
    ../clib/microlib/printf/printf.c         0x00000000   Number         0  printf2.o ABSOLUTE
    ../clib/microlib/printf/printf.c         0x00000000   Number         0  printf3.o ABSOLUTE
    ../clib/microlib/printf/printf.c         0x00000000   Number         0  printf4.o ABSOLUTE
    ../clib/microlib/printf/printf.c         0x00000000   Number         0  printf5.o ABSOLUTE
    ../clib/microlib/printf/printf.c         0x00000000   Number         0  printf6.o ABSOLUTE
    ../clib/microlib/printf/printf.c         0x00000000   Number         0  printf7.o ABSOLUTE
    ../clib/microlib/printf/printf.c         0x00000000   Number         0  printf8.o ABSOLUTE
    ../clib/microlib/printf/printf.c         0x00000000   Number         0  printfa.o ABSOLUTE
    ../clib/microlib/printf/stubs.s          0x00000000   Number         0  printfstubs.o ABSOLUTE
    ../clib/microlib/stdio/fputs.c           0x00000000   Number         0  fputs.o ABSOLUTE
    ../clib/microlib/stdio/fputs.c           0x00000000   Number         0  fputs_e.o ABSOLUTE
    ../clib/microlib/stdio/fwrite.c          0x00000000   Number         0  fwrite.o ABSOLUTE
    ../clib/microlib/stdio/fwrite.c          0x00000000   Number         0  fwrite_e.o ABSOLUTE
    ../clib/microlib/stdio/puts.c            0x00000000   Number         0  puts.o ABSOLUTE
    ../clib/microlib/stdio/puts.c            0x00000000   Number         0  puts_e.o ABSOLUTE
    ../clib/microlib/stdio/streams.c         0x00000000   Number         0  stderr.o ABSOLUTE
    ../clib/microlib/string/memcmp.c         0x00000000   Number         0  memcmp.o ABSOLUTE
    ../clib/microlib/stubs.s                 0x00000000   Number         0  iusefp.o ABSOLUTE
    ../fplib/microlib/fpadd.c                0x00000000   Number         0  dadd.o ABSOLUTE
    ../fplib/microlib/fpdiv.c                0x00000000   Number         0  ddiv.o ABSOLUTE
    ../fplib/microlib/fpepilogue.c           0x00000000   Number         0  depilogue.o ABSOLUTE
    ../fplib/microlib/fpfix.c                0x00000000   Number         0  dfixul.o ABSOLUTE
    ../fplib/microlib/fpmul.c                0x00000000   Number         0  dmul.o ABSOLUTE
    cdrcmple.s                               0x00000000   Number         0  cdrcmple.o ABSOLUTE
    clk.c                                    0x00000000   Number         0  clk.o ABSOLUTE
    dc.s                                     0x00000000   Number         0  dc.o ABSOLUTE
    gpio.c                                   0x00000000   Number         0  gpio.o ABSOLUTE
    handlers.s                               0x00000000   Number         0  handlers.o ABSOLUTE
    init.s                                   0x00000000   Number         0  init.o ABSOLUTE
    key_controller.c                         0x00000000   Number         0  key_controller.o ABSOLUTE
    led_controller.c                         0x00000000   Number         0  led_controller.o ABSOLUTE
    main.c                                   0x00000000   Number         0  main.o ABSOLUTE
    retarget.c                               0x00000000   Number         0  retarget.o ABSOLUTE
    sys.c                                    0x00000000   Number         0  sys.o ABSOLUTE
    system_M480.c                            0x00000000   Number         0  system_M480.o ABSOLUTE
    uart.c                                   0x00000000   Number         0  uart.o ABSOLUTE
    Heap_Size                                0x00000100   Number         0  startup_M480_vsac6.o ABSOLUTE
    .ARM.Collect$$$$00000000                 0x000001f4   Section        0  entry.o(.ARM.Collect$$$$00000000)
    .ARM.Collect$$$$00000003                 0x000001f4   Section        4  entry4.o(.ARM.Collect$$$$00000003)
    .ARM.Collect$$$$00000004                 0x000001f8   Section        4  entry5.o(.ARM.Collect$$$$00000004)
    .ARM.Collect$$$$00000008                 0x000001fc   Section        0  entry7b.o(.ARM.Collect$$$$00000008)
    .ARM.Collect$$$$0000000A                 0x000001fc   Section        0  entry8b.o(.ARM.Collect$$$$0000000A)
    .ARM.Collect$$$$0000000B                 0x000001fc   Section        8  entry9a.o(.ARM.Collect$$$$0000000B)
    __lit__00000000                          0x00000204   Data           4  entry4.o(.ARM.Collect$$$$00002714)
    .ARM.Collect$$$$0000000D                 0x00000204   Section        0  entry10a.o(.ARM.Collect$$$$0000000D)
    .ARM.Collect$$$$0000000F                 0x00000204   Section        0  entry11a.o(.ARM.Collect$$$$0000000F)
    .ARM.Collect$$$$00002714                 0x00000204   Section        4  entry4.o(.ARM.Collect$$$$00002714)
    .text                                    0x00000298   Section        0  memcmp.o(.text)
    .text                                    0x000002b2   Section        0  uldiv.o(.text)
    .text                                    0x00000314   Section       48  init.o(.text)
    .text                                    0x00000344   Section        0  llshl.o(.text)
    .text                                    0x00000362   Section        0  llushr.o(.text)
    [Anonymous Symbol]                       0x00000384   Section        0  clk.o(.text.CLK_EnableModuleClock)
    [Anonymous Symbol]                       0x000003a8   Section        0  clk.o(.text.CLK_EnablePLL)
    [Anonymous Symbol]                       0x00000620   Section        0  clk.o(.text.CLK_EnableXtalRC)
    [Anonymous Symbol]                       0x00000630   Section        0  clk.o(.text.CLK_GetPLLClockFreq)
    [Anonymous Symbol]                       0x00000688   Section        0  clk.o(.text.CLK_SetCoreClock)
    [Anonymous Symbol]                       0x0000077c   Section        0  clk.o(.text.CLK_SetModuleClock)
    Stack_Size                               0x00000800   Number         0  startup_M480_vsac6.o ABSOLUTE
    [Anonymous Symbol]                       0x0000081c   Section        0  clk.o(.text.CLK_WaitClockReady)
    [Anonymous Symbol]                       0x00000864   Section        0  gpio.o(.text.GPIO_SetMode)
    [Anonymous Symbol]                       0x0000089c   Section        0  gpio.o(.text.GPIO_SetPullCtl)
    [Anonymous Symbol]                       0x000008d4   Section        0  retarget.o(.text.ProcessHardFault)
    [Anonymous Symbol]                       0x00000a78   Section        0  retarget.o(.text.SH_Return)
    [Anonymous Symbol]                       0x00000a7c   Section        0  main.o(.text.SYS_Init)
    [Anonymous Symbol]                       0x00000b30   Section        0  main.o(.text.SysTick_Handler)
    [Anonymous Symbol]                       0x00000b40   Section        0  system_M480.o(.text.SystemCoreClockUpdate)
    [Anonymous Symbol]                       0x00000ba8   Section        0  system_M480.o(.text.SystemInit)
    [Anonymous Symbol]                       0x00000c18   Section        0  main.o(.text.UART1_IRQHandler)
    [Anonymous Symbol]                       0x00000cb4   Section        0  uart.o(.text.UART_Open)
    [Anonymous Symbol]                       0x00000e1c   Section        0  retarget.o(.text.fputc)
    [Anonymous Symbol]                       0x00000e40   Section        0  main.o(.text.get_system_time_ms)
    [Anonymous Symbol]                       0x00000e4c   Section        0  key_controller.o(.text.key_controller_init)
    [Anonymous Symbol]                       0x00000eb4   Section        0  key_controller.o(.text.key_controller_update)
    [Anonymous Symbol]                       0x00000fd0   Section        0  key_controller.o(.text.key_manager_get_key_press_duration)
    [Anonymous Symbol]                       0x00001000   Section        0  key_controller.o(.text.key_manager_init)
    [Anonymous Symbol]                       0x00001018   Section        0  key_controller.o(.text.key_manager_is_key_pressed)
    [Anonymous Symbol]                       0x0000103c   Section        0  key_controller.o(.text.key_manager_update_all)
    [Anonymous Symbol]                       0x000010a8   Section        0  main.o(.text.main)
    [Anonymous Symbol]                       0x00001494   Section        0  main.o(.text.on_key_event)
    i.__0printf$8                            0x000015d0   Section        0  printf8.o(i.__0printf$8)
    i.__scatterload_copy                     0x000015f0   Section       14  handlers.o(i.__scatterload_copy)
    i.__scatterload_null                     0x000015fe   Section        2  handlers.o(i.__scatterload_null)
    i.__scatterload_zeroinit                 0x00001600   Section       14  handlers.o(i.__scatterload_zeroinit)
    _printf_core                             0x00001611   Thumb Code   996  printf8.o(i._printf_core)
    i._printf_core                           0x00001610   Section        0  printf8.o(i._printf_core)
    _printf_post_padding                     0x00001a21   Thumb Code    36  printf8.o(i._printf_post_padding)
    i._printf_post_padding                   0x00001a20   Section        0  printf8.o(i._printf_post_padding)
    _printf_pre_padding                      0x00001a45   Thumb Code    46  printf8.o(i._printf_pre_padding)
    i._printf_pre_padding                    0x00001a44   Section        0  printf8.o(i._printf_pre_padding)
    i.puts                                   0x00001a74   Section        0  puts.o(i.puts)
    .L__const.key_system_init.key_configs    0x00001a98   Data          24  main.o(.rodata..L__const.key_system_init.key_configs)
    .L__const.CLK_GetPLLClockFreq.au8NoTbl   0x00001ab0   Data           4  clk.o(.rodata.cst4)
    .L.str.8                                 0x00001ab4   Data          32  retarget.o(.rodata.str1.1)
    [Anonymous Symbol]                       0x00001ab4   Section        0  retarget.o(.rodata.str1.1)
    .L.str.11                                0x00001ad4   Data          29  retarget.o(.rodata.str1.1)
    .L.str.7                                 0x00001af1   Data          27  retarget.o(.rodata.str1.1)
    .L.str.9                                 0x00001b0c   Data           4  retarget.o(.rodata.str1.1)
    .L.str.10                                0x00001b10   Data           4  retarget.o(.rodata.str1.1)
    .Lstr.16                                 0x00001b14   Data          35  retarget.o(.rodata.str1.1)
    .L.str.28                                0x00001b37   Data          22  main.o(.rodata.str1.1)
    [Anonymous Symbol]                       0x00001b37   Section        0  main.o(.rodata.str1.1)
    .L.str.14                                0x00001b4d   Data          52  main.o(.rodata.str1.1)
    .L.str.34                                0x00001b81   Data          20  main.o(.rodata.str1.1)
    .L.str.1                                 0x00001b95   Data          53  main.o(.rodata.str1.1)
    .L.str.33                                0x00001bca   Data          28  main.o(.rodata.str1.1)
    .L.str.16                                0x00001be6   Data          19  main.o(.rodata.str1.1)
    .Lstr                                    0x00001bf9   Data          46  main.o(.rodata.str1.1)
    .Lstr.47                                 0x00001c27   Data          39  main.o(.rodata.str1.1)
    .Lstr.41                                 0x00001c4e   Data          49  main.o(.rodata.str1.1)
    .Lstr.54                                 0x00001c7f   Data          26  main.o(.rodata.str1.1)
    .Lstr.37                                 0x00001c99   Data          26  main.o(.rodata.str1.1)
    .Lstr.38                                 0x00001cb3   Data          37  main.o(.rodata.str1.1)
    .Lstr.42                                 0x00001cd8   Data          47  main.o(.rodata.str1.1)
    .Lstr.44                                 0x00001d07   Data          15  main.o(.rodata.str1.1)
    .Lstr.48                                 0x00001d16   Data          19  main.o(.rodata.str1.1)
    .L.str.2                                 0x00001d29   Data           5  main.o(.rodata.str1.1)
    .Lstr.53                                 0x00001d2e   Data          44  main.o(.rodata.str1.1)
    .Lstr.43                                 0x00001d5a   Data          41  main.o(.rodata.str1.1)
    .Lstr.52                                 0x00001d83   Data          46  main.o(.rodata.str1.1)
    .L.str.29                                0x00001da1   Data          16  main.o(.rodata.str1.1)
    .L.str.3                                 0x00001db1   Data           4  main.o(.rodata.str1.1)
    .Lstr.46                                 0x00001db5   Data          39  main.o(.rodata.str1.1)
    .Lstr.45                                 0x00001ddc   Data          28  main.o(.rodata.str1.1)
    .Lstr.40                                 0x00001df8   Data          18  main.o(.rodata.str1.1)
    .Lstr.39                                 0x00001e0a   Data          20  main.o(.rodata.str1.1)
    Stack_Mem                                0x20000030   Number         0  startup_M480_vsac6.o(.bss.STACK)
    digital_io_test.last_status_time         0x20000884   Data           4  main.o(.bss.digital_io_test.last_status_time)
    [Anonymous Symbol]                       0x20000884   Section        0  main.o(.bss.digital_io_test.last_status_time)
    g_at_ver_sent                            0x2000088c   Data           1  main.o(.bss.g_at_ver_sent)
    [Anonymous Symbol]                       0x2000088c   Section        0  main.o(.bss.g_at_ver_sent)
    g_uart1_line                             0x20000894   Data         128  main.o(.bss.g_uart1_line)
    [Anonymous Symbol]                       0x20000894   Section        0  main.o(.bss.g_uart1_line)
    g_uart1_line_len                         0x20000914   Data           4  main.o(.bss.g_uart1_line_len)
    [Anonymous Symbol]                       0x20000914   Section        0  main.o(.bss.g_uart1_line_len)
    g_uart1_line_ready                       0x20000918   Data           1  main.o(.bss.g_uart1_line_ready)
    [Anonymous Symbol]                       0x20000918   Section        0  main.o(.bss.g_uart1_line_ready)
    g_uart1_seen_cr                          0x20000919   Data           1  main.o(.bss.g_uart1_seen_cr)
    [Anonymous Symbol]                       0x20000919   Section        0  main.o(.bss.g_uart1_seen_cr)
    main.last_key_state                      0x20000954   Data           1  main.o(.bss.main.last_key_state)
    [Anonymous Symbol]                       0x20000954   Section        0  main.o(.bss.main.last_key_state)
    main.last_print_time                     0x20000958   Data           4  main.o(.bss.main.last_print_time)
    [Anonymous Symbol]                       0x20000958   Section        0  main.o(.bss.main.last_print_time)
    main.last_progress_time                  0x2000095c   Data           4  main.o(.bss.main.last_progress_time)
    [Anonymous Symbol]                       0x2000095c   Section        0  main.o(.bss.main.last_progress_time)

    Global Symbols

    Symbol Name                              Value     Ov Type        Size  Object(Section)

    BuildAttributes$$THM_ISAv4$E$P$D$K$B$S$7EM$VFPi3$EXTD16$VFPS$VFMA$PE$A:L22UL41UL21$X:L11$S22US41US21$IEEE1$IW$USESV6$~STKCKD$USESV7$~SHL$OTIME$ROPI$EBA8$MICROLIB$REQ8$PRES8$EABIv2 0x00000000   Number         0  anon$$obj.o ABSOLUTE
    __Vectors                                0x00000000   Number         0  startup_M480_vsac6.o(RESET)
    _printf_a                                0x00000000   Number         0  printfstubs.o ABSOLUTE
    _printf_c                                0x00000000   Number         0  printfstubs.o ABSOLUTE
    _printf_charcount                        0x00000000   Number         0  printfstubs.o ABSOLUTE
    _printf_d                                0x00000000   Number         0  printfstubs.o ABSOLUTE
    _printf_e                                0x00000000   Number         0  printfstubs.o ABSOLUTE
    _printf_f                                0x00000000   Number         0  printfstubs.o ABSOLUTE
    _printf_flags                            0x00000000   Number         0  printfstubs.o ABSOLUTE
    _printf_fp_dec                           0x00000000   Number         0  printfstubs.o ABSOLUTE
    _printf_fp_hex                           0x00000000   Number         0  printfstubs.o ABSOLUTE
    _printf_g                                0x00000000   Number         0  printfstubs.o ABSOLUTE
    _printf_i                                0x00000000   Number         0  printfstubs.o ABSOLUTE
    _printf_int_dec                          0x00000000   Number         0  printfstubs.o ABSOLUTE
    _printf_l                                0x00000000   Number         0  printfstubs.o ABSOLUTE
    _printf_lc                               0x00000000   Number         0  printfstubs.o ABSOLUTE
    _printf_ll                               0x00000000   Number         0  printfstubs.o ABSOLUTE
    _printf_lld                              0x00000000   Number         0  printfstubs.o ABSOLUTE
    _printf_lli                              0x00000000   Number         0  printfstubs.o ABSOLUTE
    _printf_llo                              0x00000000   Number         0  printfstubs.o ABSOLUTE
    _printf_llu                              0x00000000   Number         0  printfstubs.o ABSOLUTE
    _printf_llx                              0x00000000   Number         0  printfstubs.o ABSOLUTE
    _printf_longlong_dec                     0x00000000   Number         0  printfstubs.o ABSOLUTE
    _printf_longlong_hex                     0x00000000   Number         0  printfstubs.o ABSOLUTE
    _printf_longlong_oct                     0x00000000   Number         0  printfstubs.o ABSOLUTE
    _printf_ls                               0x00000000   Number         0  printfstubs.o ABSOLUTE
    _printf_mbtowc                           0x00000000   Number         0  printfstubs.o ABSOLUTE
    _printf_n                                0x00000000   Number         0  printfstubs.o ABSOLUTE
    _printf_o                                0x00000000   Number         0  printfstubs.o ABSOLUTE
    _printf_p                                0x00000000   Number         0  printfstubs.o ABSOLUTE
    _printf_percent                          0x00000000   Number         0  printfstubs.o ABSOLUTE
    _printf_pre_padding                      0x00000000   Number         0  printfstubs.o ABSOLUTE
    _printf_return_value                     0x00000000   Number         0  printfstubs.o ABSOLUTE
    _printf_s                                0x00000000   Number         0  printfstubs.o ABSOLUTE
    _printf_sizespec                         0x00000000   Number         0  printfstubs.o ABSOLUTE
    _printf_str                              0x00000000   Number         0  printfstubs.o ABSOLUTE
    _printf_truncate_signed                  0x00000000   Number         0  printfstubs.o ABSOLUTE
    _printf_truncate_unsigned                0x00000000   Number         0  printfstubs.o ABSOLUTE
    _printf_u                                0x00000000   Number         0  printfstubs.o ABSOLUTE
    _printf_wc                               0x00000000   Number         0  printfstubs.o ABSOLUTE
    _printf_wctomb                           0x00000000   Number         0  printfstubs.o ABSOLUTE
    _printf_widthprec                        0x00000000   Number         0  printfstubs.o ABSOLUTE
    _printf_x                                0x00000000   Number         0  printfstubs.o ABSOLUTE
    __cpp_initialize__aeabi_                  - Undefined Weak Reference
    __cxa_finalize                            - Undefined Weak Reference
    __decompress                              - Undefined Weak Reference
    _clock_init                               - Undefined Weak Reference
    _microlib_exit                            - Undefined Weak Reference
    function                                  - Undefined Weak Reference
    __Vectors_End                            0x000001f4   Number         0  startup_M480_vsac6.o(RESET)
    __Vectors_Size                           0x000001f4   Number         0  startup_M480_vsac6.o ABSOLUTE
    __main                                   0x000001f5   Thumb Code     0  entry.o(.ARM.Collect$$$$00000000)
    _main_stk                                0x000001f5   Thumb Code     0  entry4.o(.ARM.Collect$$$$00000003)
    _main_scatterload                        0x000001f9   Thumb Code     0  entry5.o(.ARM.Collect$$$$00000004)
    __main_after_scatterload                 0x000001fd   Thumb Code     0  entry5.o(.ARM.Collect$$$$00000004)
    _main_clock                              0x000001fd   Thumb Code     0  entry7b.o(.ARM.Collect$$$$00000008)
    _main_cpp_init                           0x000001fd   Thumb Code     0  entry8b.o(.ARM.Collect$$$$0000000A)
    _main_init                               0x000001fd   Thumb Code     0  entry9a.o(.ARM.Collect$$$$0000000B)
    __rt_final_cpp                           0x00000205   Thumb Code     0  entry10a.o(.ARM.Collect$$$$0000000D)
    __rt_final_exit                          0x00000205   Thumb Code     0  entry11a.o(.ARM.Collect$$$$0000000F)
    Reset_Handler                            0x00000209   Thumb Code     0  startup_M480_vsac6.o(.text)
    NMI_Handler                              0x00000249   Thumb Code     0  startup_M480_vsac6.o(.text)
    HardFault_Handler                        0x0000024b   Thumb Code     0  startup_M480_vsac6.o(.text)
    MemManage_Handler                        0x0000025a   Number         0  startup_M480_vsac6.o(.text)
    BusFault_Handler                         0x0000025c   Number         0  startup_M480_vsac6.o(.text)
    UsageFault_Handler                       0x0000025e   Number         0  startup_M480_vsac6.o(.text)
    SVC_Handler                              0x00000260   Number         0  startup_M480_vsac6.o(.text)
    DebugMon_Handler                         0x00000262   Number         0  startup_M480_vsac6.o(.text)
    PendSV_Handler                           0x00000264   Number         0  startup_M480_vsac6.o(.text)
    ACMP01_IRQHandler                        0x00000268   Number         0  startup_M480_vsac6.o(.text)
    BOD_IRQHandler                           0x00000268   Number         0  startup_M480_vsac6.o(.text)
    BPWM0_IRQHandler                         0x00000268   Number         0  startup_M480_vsac6.o(.text)
    BPWM1_IRQHandler                         0x00000268   Number         0  startup_M480_vsac6.o(.text)
    BRAKE0_IRQHandler                        0x00000268   Number         0  startup_M480_vsac6.o(.text)
    BRAKE1_IRQHandler                        0x00000268   Number         0  startup_M480_vsac6.o(.text)
    CAN0_IRQHandler                          0x00000268   Number         0  startup_M480_vsac6.o(.text)
    CAN1_IRQHandler                          0x00000268   Number         0  startup_M480_vsac6.o(.text)
    CAN2_IRQHandler                          0x00000268   Number         0  startup_M480_vsac6.o(.text)
    CCAP_IRQHandler                          0x00000268   Number         0  startup_M480_vsac6.o(.text)
    CKFAIL_IRQHandler                        0x00000268   Number         0  startup_M480_vsac6.o(.text)
    CRYPTO_IRQHandler                        0x00000268   Number         0  startup_M480_vsac6.o(.text)
    DAC_IRQHandler                           0x00000268   Number         0  startup_M480_vsac6.o(.text)
    Default_Handler                          0x00000268   Number         0  startup_M480_vsac6.o(.text)
    EADC00_IRQHandler                        0x00000268   Number         0  startup_M480_vsac6.o(.text)
    EADC01_IRQHandler                        0x00000268   Number         0  startup_M480_vsac6.o(.text)
    EADC02_IRQHandler                        0x00000268   Number         0  startup_M480_vsac6.o(.text)
    EADC03_IRQHandler                        0x00000268   Number         0  startup_M480_vsac6.o(.text)
    EADC10_IRQHandler                        0x00000268   Number         0  startup_M480_vsac6.o(.text)
    EADC11_IRQHandler                        0x00000268   Number         0  startup_M480_vsac6.o(.text)
    EADC12_IRQHandler                        0x00000268   Number         0  startup_M480_vsac6.o(.text)
    EADC13_IRQHandler                        0x00000268   Number         0  startup_M480_vsac6.o(.text)
    ECAP0_IRQHandler                         0x00000268   Number         0  startup_M480_vsac6.o(.text)
    ECAP1_IRQHandler                         0x00000268   Number         0  startup_M480_vsac6.o(.text)
    EHCI_IRQHandler                          0x00000268   Number         0  startup_M480_vsac6.o(.text)
    EINT0_IRQHandler                         0x00000268   Number         0  startup_M480_vsac6.o(.text)
    EINT1_IRQHandler                         0x00000268   Number         0  startup_M480_vsac6.o(.text)
    EINT2_IRQHandler                         0x00000268   Number         0  startup_M480_vsac6.o(.text)
    EINT3_IRQHandler                         0x00000268   Number         0  startup_M480_vsac6.o(.text)
    EINT4_IRQHandler                         0x00000268   Number         0  startup_M480_vsac6.o(.text)
    EINT5_IRQHandler                         0x00000268   Number         0  startup_M480_vsac6.o(.text)
    EINT6_IRQHandler                         0x00000268   Number         0  startup_M480_vsac6.o(.text)
    EINT7_IRQHandler                         0x00000268   Number         0  startup_M480_vsac6.o(.text)
    EMAC_RX_IRQHandler                       0x00000268   Number         0  startup_M480_vsac6.o(.text)
    EMAC_TX_IRQHandler                       0x00000268   Number         0  startup_M480_vsac6.o(.text)
    EPWM0P0_IRQHandler                       0x00000268   Number         0  startup_M480_vsac6.o(.text)
    EPWM0P1_IRQHandler                       0x00000268   Number         0  startup_M480_vsac6.o(.text)
    EPWM0P2_IRQHandler                       0x00000268   Number         0  startup_M480_vsac6.o(.text)
    EPWM1P0_IRQHandler                       0x00000268   Number         0  startup_M480_vsac6.o(.text)
    EPWM1P1_IRQHandler                       0x00000268   Number         0  startup_M480_vsac6.o(.text)
    EPWM1P2_IRQHandler                       0x00000268   Number         0  startup_M480_vsac6.o(.text)
    GPA_IRQHandler                           0x00000268   Number         0  startup_M480_vsac6.o(.text)
    GPB_IRQHandler                           0x00000268   Number         0  startup_M480_vsac6.o(.text)
    GPC_IRQHandler                           0x00000268   Number         0  startup_M480_vsac6.o(.text)
    GPD_IRQHandler                           0x00000268   Number         0  startup_M480_vsac6.o(.text)
    GPE_IRQHandler                           0x00000268   Number         0  startup_M480_vsac6.o(.text)
    GPF_IRQHandler                           0x00000268   Number         0  startup_M480_vsac6.o(.text)
    GPG_IRQHandler                           0x00000268   Number         0  startup_M480_vsac6.o(.text)
    GPH_IRQHandler                           0x00000268   Number         0  startup_M480_vsac6.o(.text)
    I2C0_IRQHandler                          0x00000268   Number         0  startup_M480_vsac6.o(.text)
    I2C1_IRQHandler                          0x00000268   Number         0  startup_M480_vsac6.o(.text)
    I2C2_IRQHandler                          0x00000268   Number         0  startup_M480_vsac6.o(.text)
    I2S0_IRQHandler                          0x00000268   Number         0  startup_M480_vsac6.o(.text)
    IRC_IRQHandler                           0x00000268   Number         0  startup_M480_vsac6.o(.text)
    OHCI_IRQHandler                          0x00000268   Number         0  startup_M480_vsac6.o(.text)
    OPA0_IRQHandler                          0x00000268   Number         0  startup_M480_vsac6.o(.text)
    PDMA_IRQHandler                          0x00000268   Number         0  startup_M480_vsac6.o(.text)
    PWRWU_IRQHandler                         0x00000268   Number         0  startup_M480_vsac6.o(.text)
    QEI0_IRQHandler                          0x00000268   Number         0  startup_M480_vsac6.o(.text)
    QEI1_IRQHandler                          0x00000268   Number         0  startup_M480_vsac6.o(.text)
    QSPI0_IRQHandler                         0x00000268   Number         0  startup_M480_vsac6.o(.text)
    QSPI1_IRQHandler                         0x00000268   Number         0  startup_M480_vsac6.o(.text)
    RAMPE_IRQHandler                         0x00000268   Number         0  startup_M480_vsac6.o(.text)
    RTC_IRQHandler                           0x00000268   Number         0  startup_M480_vsac6.o(.text)
    SC0_IRQHandler                           0x00000268   Number         0  startup_M480_vsac6.o(.text)
    SC1_IRQHandler                           0x00000268   Number         0  startup_M480_vsac6.o(.text)
    SC2_IRQHandler                           0x00000268   Number         0  startup_M480_vsac6.o(.text)
    SDH0_IRQHandler                          0x00000268   Number         0  startup_M480_vsac6.o(.text)
    SDH1_IRQHandler                          0x00000268   Number         0  startup_M480_vsac6.o(.text)
    SPI0_IRQHandler                          0x00000268   Number         0  startup_M480_vsac6.o(.text)
    SPI1_IRQHandler                          0x00000268   Number         0  startup_M480_vsac6.o(.text)
    SPI2_IRQHandler                          0x00000268   Number         0  startup_M480_vsac6.o(.text)
    SPI3_IRQHandler                          0x00000268   Number         0  startup_M480_vsac6.o(.text)
    SPIM_IRQHandler                          0x00000268   Number         0  startup_M480_vsac6.o(.text)
    TAMPER_IRQHandler                        0x00000268   Number         0  startup_M480_vsac6.o(.text)
    TMR0_IRQHandler                          0x00000268   Number         0  startup_M480_vsac6.o(.text)
    TMR1_IRQHandler                          0x00000268   Number         0  startup_M480_vsac6.o(.text)
    TMR2_IRQHandler                          0x00000268   Number         0  startup_M480_vsac6.o(.text)
    TMR3_IRQHandler                          0x00000268   Number         0  startup_M480_vsac6.o(.text)
    TRNG_IRQHandler                          0x00000268   Number         0  startup_M480_vsac6.o(.text)
    UART0_IRQHandler                         0x00000268   Number         0  startup_M480_vsac6.o(.text)
    UART2_IRQHandler                         0x00000268   Number         0  startup_M480_vsac6.o(.text)
    UART3_IRQHandler                         0x00000268   Number         0  startup_M480_vsac6.o(.text)
    UART4_IRQHandler                         0x00000268   Number         0  startup_M480_vsac6.o(.text)
    UART5_IRQHandler                         0x00000268   Number         0  startup_M480_vsac6.o(.text)
    UART6_IRQHandler                         0x00000268   Number         0  startup_M480_vsac6.o(.text)
    UART7_IRQHandler                         0x00000268   Number         0  startup_M480_vsac6.o(.text)
    USBD20_IRQHandler                        0x00000268   Number         0  startup_M480_vsac6.o(.text)
    USBD_IRQHandler                          0x00000268   Number         0  startup_M480_vsac6.o(.text)
    USBOTG20_IRQHandler                      0x00000268   Number         0  startup_M480_vsac6.o(.text)
    USBOTG_IRQHandler                        0x00000268   Number         0  startup_M480_vsac6.o(.text)
    USCI0_IRQHandler                         0x00000268   Number         0  startup_M480_vsac6.o(.text)
    USCI1_IRQHandler                         0x00000268   Number         0  startup_M480_vsac6.o(.text)
    WDT_IRQHandler                           0x00000268   Number         0  startup_M480_vsac6.o(.text)
    WWDT_IRQHandler                          0x00000268   Number         0  startup_M480_vsac6.o(.text)
    SH_DoCommand                             0x0000026d   Thumb Code     0  startup_M480_vsac6.o(.text)
    __PC                                     0x00000279   Thumb Code     0  startup_M480_vsac6.o(.text)
    memcmp                                   0x00000299   Thumb Code    26  memcmp.o(.text)
    __aeabi_uldivmod                         0x000002b3   Thumb Code    98  uldiv.o(.text)
    __scatterload                            0x00000315   Thumb Code    38  init.o(.text)
    __scatterload_rt2                        0x00000315   Thumb Code     0  init.o(.text)
    __aeabi_llsl                             0x00000345   Thumb Code    30  llshl.o(.text)
    _ll_shift_l                              0x00000345   Thumb Code     0  llshl.o(.text)
    __aeabi_llsr                             0x00000363   Thumb Code    32  llushr.o(.text)
    _ll_ushift_r                             0x00000363   Thumb Code     0  llushr.o(.text)
    CLK_EnableModuleClock                    0x00000385   Thumb Code    34  clk.o(.text.CLK_EnableModuleClock)
    CLK_EnablePLL                            0x000003a9   Thumb Code   630  clk.o(.text.CLK_EnablePLL)
    CLK_EnableXtalRC                         0x00000621   Thumb Code    16  clk.o(.text.CLK_EnableXtalRC)
    CLK_GetPLLClockFreq                      0x00000631   Thumb Code    86  clk.o(.text.CLK_GetPLLClockFreq)
    CLK_SetCoreClock                         0x00000689   Thumb Code   242  clk.o(.text.CLK_SetCoreClock)
    CLK_SetModuleClock                       0x0000077d   Thumb Code   158  clk.o(.text.CLK_SetModuleClock)
    CLK_WaitClockReady                       0x0000081d   Thumb Code    70  clk.o(.text.CLK_WaitClockReady)
    GPIO_SetMode                             0x00000865   Thumb Code    54  gpio.o(.text.GPIO_SetMode)
    GPIO_SetPullCtl                          0x0000089d   Thumb Code    54  gpio.o(.text.GPIO_SetPullCtl)
    ProcessHardFault                         0x000008d5   Thumb Code   272  retarget.o(.text.ProcessHardFault)
    SH_Return                                0x00000a79   Thumb Code     4  retarget.o(.text.SH_Return)
    SYS_Init                                 0x00000a7d   Thumb Code   180  main.o(.text.SYS_Init)
    SysTick_Handler                          0x00000b31   Thumb Code    16  main.o(.text.SysTick_Handler)
    SystemCoreClockUpdate                    0x00000b41   Thumb Code   104  system_M480.o(.text.SystemCoreClockUpdate)
    SystemInit                               0x00000ba9   Thumb Code   112  system_M480.o(.text.SystemInit)
    UART1_IRQHandler                         0x00000c19   Thumb Code   154  main.o(.text.UART1_IRQHandler)
    UART_Open                                0x00000cb5   Thumb Code   360  uart.o(.text.UART_Open)
    fputc                                    0x00000e1d   Thumb Code    34  retarget.o(.text.fputc)
    get_system_time_ms                       0x00000e41   Thumb Code    12  main.o(.text.get_system_time_ms)
    key_controller_init                      0x00000e4d   Thumb Code   104  key_controller.o(.text.key_controller_init)
    key_controller_update                    0x00000eb5   Thumb Code   284  key_controller.o(.text.key_controller_update)
    key_manager_get_key_press_duration       0x00000fd1   Thumb Code    48  key_controller.o(.text.key_manager_get_key_press_duration)
    key_manager_init                         0x00001001   Thumb Code    22  key_controller.o(.text.key_manager_init)
    key_manager_is_key_pressed               0x00001019   Thumb Code    34  key_controller.o(.text.key_manager_is_key_pressed)
    key_manager_update_all                   0x0000103d   Thumb Code   108  key_controller.o(.text.key_manager_update_all)
    main                                     0x000010a9   Thumb Code   864  main.o(.text.main)
    on_key_event                             0x00001495   Thumb Code   184  main.o(.text.on_key_event)
    __0printf$8                              0x000015d1   Thumb Code    22  printf8.o(i.__0printf$8)
    __1printf$8                              0x000015d1   Thumb Code     0  printf8.o(i.__0printf$8)
    __2printf                                0x000015d1   Thumb Code     0  printf8.o(i.__0printf$8)
    __scatterload_copy                       0x000015f1   Thumb Code    14  handlers.o(i.__scatterload_copy)
    __scatterload_null                       0x000015ff   Thumb Code     2  handlers.o(i.__scatterload_null)
    __scatterload_zeroinit                   0x00001601   Thumb Code    14  handlers.o(i.__scatterload_zeroinit)
    puts                                     0x00001a75   Thumb Code    30  puts.o(i.puts)
    Region$$Table$$Base                      0x00001e20   Number         0  anon$$obj.o(Region$$Table)
    Region$$Table$$Limit                     0x00001e40   Number         0  anon$$obj.o(Region$$Table)
    CyclesPerUs                              0x20000000   Data           4  system_M480.o(.data.CyclesPerUs)
    PllClock                                 0x20000004   Data           4  system_M480.o(.data.PllClock)
    SystemCoreClock                          0x20000008   Data           4  system_M480.o(.data.SystemCoreClock)
    gau32ClkSrcTbl                           0x2000000c   Data          32  system_M480.o(.data.gau32ClkSrcTbl)
    __initial_sp                             0x20000830   Number         0  startup_M480_vsac6.o(.bss.STACK)
    __stdout                                 0x20000830   Data          84  retarget.o(.bss.__stdout)
    g_CLK_i32ErrCode                         0x20000888   Data           4  clk.o(.bss.g_CLK_i32ErrCode)
    g_systick_ms                             0x20000890   Data           4  main.o(.bss.g_systick_ms)
    key_controllers                          0x2000091c   Data          44  main.o(.bss.key_controllers)
    key_manager                              0x20000948   Data          12  main.o(.bss.key_manager)
    Image$$ARM_LIB_STACK$$ZI$$Limit          0x20028000   Number         0  anon$$obj.o ABSOLUTE



==============================================================================

Memory Map of the image

  Image Entry point : 0x00000209

  Load Region LR_ROM0 (Base: 0x00000000, Size: 0x00001e70, Max: 0x00080000, ABSOLUTE)

    Execution Region ER_ROM0 (Exec base: 0x00000000, Load base: 0x00000000, Size: 0x00001e40, Max: 0x00080000, ABSOLUTE)

    Exec Addr    Load Addr    Size         Type   Attr      Idx    E Section Name        Object

    0x00000000   0x00000000   0x000001f4   Code   RO            6    RESET               startup_M480_vsac6.o
    0x000001f4   0x000001f4   0x00000000   Code   RO          315  * .ARM.Collect$$$$00000000  mc_w.l(entry.o)
    0x000001f4   0x000001f4   0x00000004   Code   RO          594    .ARM.Collect$$$$00000003  mc_w.l(entry4.o)
    0x000001f8   0x000001f8   0x00000004   Code   RO          597    .ARM.Collect$$$$00000004  mc_w.l(entry5.o)
    0x000001fc   0x000001fc   0x00000000   Code   RO          599    .ARM.Collect$$$$00000008  mc_w.l(entry7b.o)
    0x000001fc   0x000001fc   0x00000000   Code   RO          601    .ARM.Collect$$$$0000000A  mc_w.l(entry8b.o)
    0x000001fc   0x000001fc   0x00000008   Code   RO          602    .ARM.Collect$$$$0000000B  mc_w.l(entry9a.o)
    0x00000204   0x00000204   0x00000000   Code   RO          604    .ARM.Collect$$$$0000000D  mc_w.l(entry10a.o)
    0x00000204   0x00000204   0x00000000   Code   RO          606    .ARM.Collect$$$$0000000F  mc_w.l(entry11a.o)
    0x00000204   0x00000204   0x00000004   Code   RO          595    .ARM.Collect$$$$00002714  mc_w.l(entry4.o)
    0x00000208   0x00000208   0x00000090   Code   RO            3  * .text               startup_M480_vsac6.o
    0x00000298   0x00000298   0x0000001a   Code   RO          331    .text               mc_w.l(memcmp.o)
    0x000002b2   0x000002b2   0x00000062   Code   RO          619    .text               mc_w.l(uldiv.o)
    0x00000314   0x00000314   0x00000030   Code   RO          632    .text               mc_w.l(init.o)
    0x00000344   0x00000344   0x0000001e   Code   RO          634    .text               mc_w.l(llshl.o)
    0x00000362   0x00000362   0x00000020   Code   RO          636    .text               mc_w.l(llushr.o)
    0x00000382   0x00000382   0x00000002   PAD
    0x00000384   0x00000384   0x00000022   Code   RO          136    .text.CLK_EnableModuleClock  clk.o
    0x000003a6   0x000003a6   0x00000002   PAD
    0x000003a8   0x000003a8   0x00000276   Code   RO          160    .text.CLK_EnablePLL  clk.o
    0x0000061e   0x0000061e   0x00000002   PAD
    0x00000620   0x00000620   0x00000010   Code   RO          166    .text.CLK_EnableXtalRC  clk.o
    0x00000630   0x00000630   0x00000056   Code   RO          172    .text.CLK_GetPLLClockFreq  clk.o
    0x00000686   0x00000686   0x00000002   PAD
    0x00000688   0x00000688   0x000000f2   Code   RO          156    .text.CLK_SetCoreClock  clk.o
    0x0000077a   0x0000077a   0x00000002   PAD
    0x0000077c   0x0000077c   0x0000009e   Code   RO          138    .text.CLK_SetModuleClock  clk.o
    0x0000081a   0x0000081a   0x00000002   PAD
    0x0000081c   0x0000081c   0x00000046   Code   RO          158    .text.CLK_WaitClockReady  clk.o
    0x00000862   0x00000862   0x00000002   PAD
    0x00000864   0x00000864   0x00000036   Code   RO          200    .text.GPIO_SetMode  gpio.o
    0x0000089a   0x0000089a   0x00000002   PAD
    0x0000089c   0x0000089c   0x00000036   Code   RO          208    .text.GPIO_SetPullCtl  gpio.o
    0x000008d2   0x000008d2   0x00000002   PAD
    0x000008d4   0x000008d4   0x000001a4   Code   RO           28    .text.ProcessHardFault  retarget.o
    0x00000a78   0x00000a78   0x00000004   Code   RO           30    .text.SH_Return     retarget.o
    0x00000a7c   0x00000a7c   0x000000b4   Code   RO          222    .text.SYS_Init      main.o
    0x00000b30   0x00000b30   0x00000010   Code   RO          220    .text.SysTick_Handler  main.o
    0x00000b40   0x00000b40   0x00000068   Code   RO            8    .text.SystemCoreClockUpdate  system_M480.o
    0x00000ba8   0x00000ba8   0x00000070   Code   RO           10    .text.SystemInit    system_M480.o
    0x00000c18   0x00000c18   0x0000009a   Code   RO          224    .text.UART1_IRQHandler  main.o
    0x00000cb2   0x00000cb2   0x00000002   PAD
    0x00000cb4   0x00000cb4   0x00000168   Code   RO           73    .text.UART_Open     uart.o
    0x00000e1c   0x00000e1c   0x00000022   Code   RO           44    .text.fputc         retarget.o
    0x00000e3e   0x00000e3e   0x00000002   PAD
    0x00000e40   0x00000e40   0x0000000c   Code   RO          218    .text.get_system_time_ms  main.o
    0x00000e4c   0x00000e4c   0x00000068   Code   RO          292    .text.key_controller_init  key_controller.o
    0x00000eb4   0x00000eb4   0x0000011c   Code   RO          294    .text.key_controller_update  key_controller.o
    0x00000fd0   0x00000fd0   0x00000030   Code   RO          306    .text.key_manager_get_key_press_duration  key_controller.o
    0x00001000   0x00001000   0x00000016   Code   RO          300    .text.key_manager_init  key_controller.o
    0x00001016   0x00001016   0x00000002   PAD
    0x00001018   0x00001018   0x00000022   Code   RO          304    .text.key_manager_is_key_pressed  key_controller.o
    0x0000103a   0x0000103a   0x00000002   PAD
    0x0000103c   0x0000103c   0x0000006c   Code   RO          302    .text.key_manager_update_all  key_controller.o
    0x000010a8   0x000010a8   0x000003ec   Code   RO          238    .text.main          main.o
    0x00001494   0x00001494   0x0000013c   Code   RO          232    .text.on_key_event  main.o
    0x000015d0   0x000015d0   0x00000020   Code   RO          540    i.__0printf$8       mc_w.l(printf8.o)
    0x000015f0   0x000015f0   0x0000000e   Code   RO          644    i.__scatterload_copy  mc_w.l(handlers.o)
    0x000015fe   0x000015fe   0x00000002   Code   RO          645    i.__scatterload_null  mc_w.l(handlers.o)
    0x00001600   0x00001600   0x0000000e   Code   RO          646    i.__scatterload_zeroinit  mc_w.l(handlers.o)
    0x0000160e   0x0000160e   0x00000002   PAD
    0x00001610   0x00001610   0x00000410   Code   RO          547    i._printf_core      mc_w.l(printf8.o)
    0x00001a20   0x00001a20   0x00000024   Code   RO          548    i._printf_post_padding  mc_w.l(printf8.o)
    0x00001a44   0x00001a44   0x0000002e   Code   RO          549    i._printf_pre_padding  mc_w.l(printf8.o)
    0x00001a72   0x00001a72   0x00000002   PAD
    0x00001a74   0x00001a74   0x00000024   Code   RO          320    i.puts              mc_w.l(puts.o)
    0x00001a98   0x00001a98   0x00000018   Data   RO          247    .rodata..L__const.key_system_init.key_configs  main.o
    0x00001ab0   0x00001ab0   0x00000004   Data   RO          191    .rodata.cst4        clk.o
    0x00001ab4   0x00001ab4   0x00000083   Data   RO           50    .rodata.str1.1      retarget.o
    0x00001b37   0x00001b37   0x000002e7   Data   RO          243    .rodata.str1.1      main.o
    0x00001e1e   0x00001e1e   0x00000002   PAD
    0x00001e20   0x00001e20   0x00000020   Data   RO          643    Region$$Table       anon$$obj.o


    Execution Region RW_NOINIT (Exec base: 0x20000000, Load base: 0x00001e40, Size: 0x00000000, Max: 0x00027200, ABSOLUTE, UNINIT)

    **** No section assigned to this execution region ****


    Execution Region RW_RAM0 (Exec base: 0x20000000, Load base: 0x00001e40, Size: 0x00000960, Max: 0x00027200, ABSOLUTE)

    Exec Addr    Load Addr    Size         Type   Attr      Idx    E Section Name        Object

    0x20000000   0x00001e40   0x00000004   Data   RW           13    .data.CyclesPerUs   system_M480.o
    0x20000004   0x00001e44   0x00000004   Data   RW           14    .data.PllClock      system_M480.o
    0x20000008   0x00001e48   0x00000004   Data   RW           12    .data.SystemCoreClock  system_M480.o
    0x2000000c   0x00001e4c   0x00000020   Data   RW           15    .data.gau32ClkSrcTbl  system_M480.o
    0x2000002c   0x00001e6c   0x00000004   PAD
    0x20000030        -       0x00000800   Zero   RW            4    .bss.STACK          startup_M480_vsac6.o
    0x20000830        -       0x00000054   Zero   RW           51    .bss.__stdout       retarget.o
    0x20000884        -       0x00000004   Zero   RW          242    .bss.digital_io_test.last_status_time  main.o
    0x20000888        -       0x00000004   Zero   RW          190    .bss.g_CLK_i32ErrCode  clk.o
    0x2000088c        -       0x00000001   Zero   RW          246    .bss.g_at_ver_sent  main.o
    0x2000088d   0x00001e6c   0x00000003   PAD
    0x20000890        -       0x00000004   Zero   RW          240    .bss.g_systick_ms   main.o
    0x20000894        -       0x00000080   Zero   RW          251    .bss.g_uart1_line   main.o
    0x20000914        -       0x00000004   Zero   RW          256    .bss.g_uart1_line_len  main.o
    0x20000918        -       0x00000001   Zero   RW          250    .bss.g_uart1_line_ready  main.o
    0x20000919        -       0x00000001   Zero   RW          255    .bss.g_uart1_seen_cr  main.o
    0x2000091a   0x00001e6c   0x00000002   PAD
    0x2000091c        -       0x0000002c   Zero   RW          248    .bss.key_controllers  main.o
    0x20000948        -       0x0000000c   Zero   RW          249    .bss.key_manager    main.o
    0x20000954        -       0x00000001   Zero   RW          252    .bss.main.last_key_state  main.o
    0x20000955   0x00001e6c   0x00000003   PAD
    0x20000958        -       0x00000004   Zero   RW          254    .bss.main.last_print_time  main.o
    0x2000095c        -       0x00000004   Zero   RW          253    .bss.main.last_progress_time  main.o


    Execution Region ARM_LIB_HEAP (Exec base: 0x20000960, Load base: 0x00001e70, Size: 0x00000c00, Max: 0x00000c00, ABSOLUTE)

    Exec Addr    Load Addr    Size         Type   Attr      Idx    E Section Name        Object

    0x20000960        -       0x00000c00   Zero   RW            1    ARM_LIB_HEAP.bss    anon$$obj.o


    Execution Region ARM_LIB_STACK (Exec base: 0x20027e00, Load base: 0x00001e70, Size: 0x00000200, Max: 0x00000200, ABSOLUTE)

    Exec Addr    Load Addr    Size         Type   Attr      Idx    E Section Name        Object

    0x20027e00        -       0x00000200   Zero   RW            2    ARM_LIB_STACK.bss   anon$$obj.o


==============================================================================

Image component sizes


      Code (inc. data)   RO Data    RW Data    ZI Data      Debug   Object Name

      1236          0          4          0          4      15283   clk.o
       108          0          0          0          0       2226   gpio.o
       600          4          0          0          0       5840   key_controller.o
      1682        278        767          0        208      13915   main.o
       458        148        131          0         84       5474   retarget.o
       644         28          0          0       2048          0   startup_M480_vsac6.o
       216          0          0         44          0       4498   system_M480.o
       360          8          0          0          0       9682   uart.o

    ----------------------------------------------------------------------
      5328        466        936         44       5940      56918   Object Totals
         0          0         32          0       3584          0   (incl. Generated)
        24          0          2          0         12          0   (incl. Padding)

    ----------------------------------------------------------------------

      Code (inc. data)   RO Data    RW Data    ZI Data      Debug   Library Member Name

         0          0          0          0          0          0   entry.o
         0          0          0          0          0          0   entry10a.o
         0          0          0          0          0          0   entry11a.o
         8          4          0          0          0          0   entry4.o
         4          0          0          0          0          0   entry5.o
         0          0          0          0          0          0   entry7b.o
         0          0          0          0          0          0   entry8b.o
         8          4          0          0          0          0   entry9a.o
        30          0          0          0          0          0   handlers.o
        48         10          0          0          0         68   init.o
        30          0          0          0          0         68   llshl.o
        32          0          0          0          0         68   llushr.o
        26          0          0          0          0         80   memcmp.o
      1154         54          0          0          0        352   printf8.o
        36          6          0          0          0         80   puts.o
        98          0          0          0          0         92   uldiv.o

    ----------------------------------------------------------------------
      1480         78          0          0          0        808   Library Totals
         6          0          0          0          0          0   (incl. Padding)

    ----------------------------------------------------------------------

      Code (inc. data)   RO Data    RW Data    ZI Data      Debug   Library Name

      1474         78          0          0          0        808   mc_w.l

    ----------------------------------------------------------------------
      1480         78          0          0          0        808   Library Totals

    ----------------------------------------------------------------------

==============================================================================


      Code (inc. data)   RO Data    RW Data    ZI Data      Debug   

      6808        544        936         44       5940      57446   Grand Totals
      6808        544        936         44       5940      57446   ELF Image Totals
      6808        544        936         44          0          0   ROM Totals

==============================================================================

    Total RO  Size (Code + RO Data)                 7744 (   7.56kB)
    Total RW  Size (RW Data + ZI Data)              5984 (   5.84kB)
    Total ROM Size (Code + RO Data + RW Data)       7788 (   7.61kB)

==============================================================================

